Copyright 1986-2022 Xilinx, Inc. All Rights Reserved. Copyright 2022-2026 Advanced Micro Devices, Inc. All Rights Reserved.
---------------------------------------------------------------------------------------------------------------------------------------------
| Tool Version : Vivado v.2026.1 (win64) Build 6511674 Tue Jun 16 11:02:23 MDT 2026
| Date         : Fri Jul 17 08:47:17 2026
| Host         : Zeneca running 64-bit major release  (build 9200)
| Command      : report_timing_summary -return_string
| Design       : tiny_mlp_ethernet_top
| Device       : 7a100t-csg324
| Speed File   : -1  PRODUCTION 1.23 2018-06-13
| Design State : Routed
---------------------------------------------------------------------------------------------------------------------------------------------

Timing Summary Report

------------------------------------------------------------------------------------------------
| Timer Settings
| --------------
------------------------------------------------------------------------------------------------

  Enable Multi Corner Analysis               :  Yes
  Enable Pessimism Removal                   :  Yes
  Pessimism Removal Resolution               :  Nearest Common Node
  Enable Input Delay Default Clock           :  No
  Enable Preset / Clear Arcs                 :  No
  Disable Flight Delays                      :  No
  Ignore I/O Paths                           :  No
  Timing Early Launch at Borrowing Latches   :  No
  Borrow Time for Max Delay Exceptions       :  Yes
  Merge Timing Exceptions                    :  Yes
  Inter-SLR Compensation                     :  Conservative

  Corner  Analyze    Analyze    
  Name    Max Paths  Min Paths  
  ------  ---------  ---------  
  Slow    Yes        Yes        
  Fast    Yes        Yes        


------------------------------------------------------------------------------------------------
| Report Methodology
| ------------------
------------------------------------------------------------------------------------------------

Rule       Severity  Description                                 Violations  
---------  --------  ------------------------------------------  ----------  
SYNTH-6    Warning   Timing of a RAM block might be sub-optimal  19          
TIMING-18  Warning   Missing input or output delay               8           

Note: This report is based on the most recent report_methodology run and may not be up-to-date. Run report_methodology on the current design for the latest report.



check_timing report

Table of Contents
-----------------
1. checking no_clock (0)
2. checking constant_clock (0)
3. checking pulse_width_clock (0)
4. checking unconstrained_internal_endpoints (0)
5. checking no_input_delay (1)
6. checking no_output_delay (4)
7. checking multiple_clock (0)
8. checking generated_clocks (0)
9. checking loops (0)
10. checking partial_input_delay (0)
11. checking partial_output_delay (0)
12. checking latch_loops (0)

1. checking no_clock (0)
------------------------
 There are 0 register/latch pins with no clock.


2. checking constant_clock (0)
------------------------------
 There are 0 register/latch pins with constant_clock.


3. checking pulse_width_clock (0)
---------------------------------
 There are 0 register/latch pins which need pulse_width check


4. checking unconstrained_internal_endpoints (0)
------------------------------------------------
 There are 0 pins that are not constrained for maximum delay.

 There are 0 pins that are not constrained for maximum delay due to constant clock.


5. checking no_input_delay (1)
------------------------------
 There is 1 input port with no input delay specified. (HIGH)

 There are 0 input ports with no input delay but user has a false path constraint.


6. checking no_output_delay (4)
-------------------------------
 There are 3 ports with no output delay specified. (HIGH)

 There are 0 ports with no output delay but user has a false path constraint

 There is 1 port with no output delay but with a timing clock defined on it or propagating through it (LOW)


7. checking multiple_clock (0)
------------------------------
 There are 0 register/latch pins with multiple clocks.


8. checking generated_clocks (0)
--------------------------------
 There are 0 generated clocks that are not connected to a clock source.


9. checking loops (0)
---------------------
 There are 0 combinational loops in the design.


10. checking partial_input_delay (0)
------------------------------------
 There are 0 input ports with partial input delay specified.


11. checking partial_output_delay (0)
-------------------------------------
 There are 0 ports with partial output delay specified.


12. checking latch_loops (0)
----------------------------
 There are 0 combinational latch loops in the design through latch input



------------------------------------------------------------------------------------------------
| Design Timing Summary
| ---------------------
------------------------------------------------------------------------------------------------

    WNS(ns)      TNS(ns)  TNS Failing Endpoints  TNS Total Endpoints      WHS(ns)      THS(ns)  THS Failing Endpoints  THS Total Endpoints     WPWS(ns)     TPWS(ns)  TPWS Failing Endpoints  TPWS Total Endpoints  
    -------      -------  ---------------------  -------------------      -------      -------  ---------------------  -------------------     --------     --------  ----------------------  --------------------  
      0.044        0.000                      0                13307        0.015        0.000                      0                13304        3.750        0.000                       0                  5568  


All user specified timing constraints are met.


------------------------------------------------------------------------------------------------
| Clock Summary
| -------------
------------------------------------------------------------------------------------------------

Clock            Waveform(ns)       Period(ns)      Frequency(MHz)
-----            ------------       ----------      --------------
rmii_io_virtual  {0.000 10.000}     20.000          50.000          
sys_clk          {0.000 5.000}      10.000          100.000         
  rmii_ref_clk   {0.000 10.000}     20.000          50.000          


------------------------------------------------------------------------------------------------
| Intra Clock Table
| -----------------
------------------------------------------------------------------------------------------------

Clock             WNS(ns)      TNS(ns)  TNS Failing Endpoints  TNS Total Endpoints      WHS(ns)      THS(ns)  THS Failing Endpoints  THS Total Endpoints     WPWS(ns)     TPWS(ns)  TPWS Failing Endpoints  TPWS Total Endpoints  
-----             -------      -------  ---------------------  -------------------      -------      -------  ---------------------  -------------------     --------     --------  ----------------------  --------------------  
sys_clk             0.044        0.000                      0                13300        0.015        0.000                      0                13300        3.750        0.000                       0                  5568  


------------------------------------------------------------------------------------------------
| Inter Clock Table
| -----------------
------------------------------------------------------------------------------------------------

From Clock       To Clock             WNS(ns)      TNS(ns)  TNS Failing Endpoints  TNS Total Endpoints      WHS(ns)      THS(ns)  THS Failing Endpoints  THS Total Endpoints  
----------       --------             -------      -------  ---------------------  -------------------      -------      -------  ---------------------  -------------------  
rmii_io_virtual  sys_clk                1.988        0.000                      0                    4        9.830        0.000                      0                    4  
sys_clk          rmii_ref_clk           5.347        0.000                      0                    3                                                                        


------------------------------------------------------------------------------------------------
| Other Path Groups Table
| -----------------------
------------------------------------------------------------------------------------------------

Path Group    From Clock    To Clock          WNS(ns)      TNS(ns)  TNS Failing Endpoints  TNS Total Endpoints      WHS(ns)      THS(ns)  THS Failing Endpoints  THS Total Endpoints  
----------    ----------    --------          -------      -------  ---------------------  -------------------      -------      -------  ---------------------  -------------------  


------------------------------------------------------------------------------------------------
| Timing Details
| --------------
------------------------------------------------------------------------------------------------


---------------------------------------------------------------------------------------------------
From Clock:  sys_clk
  To Clock:  sys_clk

Setup :            0  Failing Endpoints,  Worst Slack        0.044ns,  Total Violation        0.000ns
Hold  :            0  Failing Endpoints,  Worst Slack        0.015ns,  Total Violation        0.000ns
PW    :            0  Failing Endpoints,  Worst Slack        3.750ns,  Total Violation        0.000ns
---------------------------------------------------------------------------------------------------


Max Delay Paths
--------------------------------------------------------------------------------------
Slack (MET) :             0.044ns  (required time - arrival time)
  Source:                 u_ethernet/rx_frame_index_reg[5]/C
                            (rising edge-triggered cell FDRE clocked by sys_clk  {rise@0.000ns fall@5.000ns period=10.000ns})
  Destination:            u_ethernet/bias_wdata_reg[0]/CE
                            (rising edge-triggered cell FDRE clocked by sys_clk  {rise@0.000ns fall@5.000ns period=10.000ns})
  Path Group:             sys_clk
  Path Type:              Setup (Max at Slow Process Corner)
  Requirement:            10.000ns  (sys_clk rise@10.000ns - sys_clk rise@0.000ns)
  Data Path Delay:        9.709ns  (logic 4.585ns (47.223%)  route 5.124ns (52.777%))
  Logic Levels:           16  (CARRY4=9 LUT2=1 LUT4=2 LUT5=3 LUT6=1)
  Clock Path Skew:        -0.042ns (DCD - SCD + CPR)
    Destination Clock Delay (DCD):    5.105ns = ( 15.105 - 10.000 ) 
    Source Clock Delay      (SCD):    5.416ns
    Clock Pessimism Removal (CPR):    0.268ns
  Clock Uncertainty:      0.035ns  ((TSJ^2 + TIJ^2)^1/2 + DJ) / 2 + PE
    Total System Jitter     (TSJ):    0.071ns
    Total Input Jitter      (TIJ):    0.000ns
    Discrete Jitter          (DJ):    0.000ns
    Phase Error              (PE):    0.000ns

    Location             Delay type                Incr(ns)  Path(ns)    Netlist Resource(s)
  -------------------------------------------------------------------    -------------------
                         (clock sys_clk rise edge)    0.000     0.000 r  <hidden>
    E3                                                0.000     0.000 r  clk
                         net (fo=0)                   0.000     0.000    clk
    E3                   IBUF (Prop_ibuf_I_O)         1.482     1.482 r  clk_IBUF_inst/O
                         net (fo=1, routed)           2.025     3.506    clk_IBUF
    BUFGCTRL_X0Y16       BUFG (Prop_bufg_I_O)         0.096     3.602 r  clk_IBUF_BUFG_inst/O
                         net (fo=5567, routed)        1.813     5.416    u_ethernet/clk_IBUF_BUFG
    SLICE_X19Y156        FDRE                                         r  u_ethernet/rx_frame_index_reg[5]/C
  -------------------------------------------------------------------    -------------------
    SLICE_X19Y156        FDRE (Prop_fdre_C_Q)         0.456     5.872 f  u_ethernet/rx_frame_index_reg[5]/Q
                         net (fo=53, routed)          0.880     6.752    u_ethernet/rx_frame_index_reg_n_0_[5]
    SLICE_X19Y157        LUT6 (Prop_lut6_I1_O)        0.124     6.876 f  u_ethernet/input_waddr[9]_i_4/O
                         net (fo=33, routed)          0.214     7.090    u_ethernet/input_waddr[9]_i_4_n_0
    SLICE_X19Y157        LUT5 (Prop_lut5_I3_O)        0.124     7.214 r  u_ethernet/bias_waddr[3]_i_2/O
                         net (fo=92, routed)          1.088     8.302    u_ethernet/bias_waddr[3]_i_2_n_0
    SLICE_X19Y154        LUT4 (Prop_lut4_I1_O)        0.149     8.451 r  u_ethernet/bias_we_i_117/O
                         net (fo=1, routed)           0.326     8.778    u_ethernet/bias_we_i_117_n_0
    SLICE_X17Y154        CARRY4 (Prop_carry4_CYINIT_CO[3])
                                                      0.788     9.566 r  u_ethernet/bias_we_reg_i_102/CO[3]
                         net (fo=1, routed)           0.000     9.566    u_ethernet/bias_we_reg_i_102_n_0
    SLICE_X17Y155        CARRY4 (Prop_carry4_CI_O[0])
                                                      0.222     9.788 r  u_ethernet/bias_we_reg_i_85/O[0]
                         net (fo=1, routed)           0.574    10.362    u_ethernet/bias_we4[5]
    SLICE_X16Y154        LUT4 (Prop_lut4_I3_O)        0.299    10.661 r  u_ethernet/bias_we_i_77/O
                         net (fo=1, routed)           0.000    10.661    u_ethernet/bias_we_i_77_n_0
    SLICE_X16Y154        CARRY4 (Prop_carry4_S[1]_CO[3])
                                                      0.550    11.211 r  u_ethernet/bias_we_reg_i_57/CO[3]
                         net (fo=1, routed)           0.000    11.211    u_ethernet/bias_we_reg_i_57_n_0
    SLICE_X16Y155        CARRY4 (Prop_carry4_CI_CO[3])
                                                      0.114    11.325 r  u_ethernet/bias_we_reg_i_43/CO[3]
                         net (fo=1, routed)           0.000    11.325    u_ethernet/bias_we_reg_i_43_n_0
    SLICE_X16Y156        CARRY4 (Prop_carry4_CI_CO[3])
                                                      0.114    11.439 r  u_ethernet/bias_we_reg_i_42/CO[3]
                         net (fo=1, routed)           0.000    11.439    u_ethernet/bias_we_reg_i_42_n_0
    SLICE_X16Y157        CARRY4 (Prop_carry4_CI_CO[3])
                                                      0.114    11.553 r  u_ethernet/bias_we_reg_i_27/CO[3]
                         net (fo=1, routed)           0.000    11.553    u_ethernet/bias_we_reg_i_27_n_0
    SLICE_X16Y158        CARRY4 (Prop_carry4_CI_CO[3])
                                                      0.114    11.667 r  u_ethernet/bias_we_reg_i_26/CO[3]
                         net (fo=1, routed)           0.000    11.667    u_ethernet/bias_we_reg_i_26_n_0
    SLICE_X16Y159        CARRY4 (Prop_carry4_CI_O[1])
                                                      0.334    12.001 f  u_ethernet/bias_we_reg_i_16/O[1]
                         net (fo=1, routed)           0.610    12.611    u_ethernet/bias_we2[25]
    SLICE_X15Y159        LUT2 (Prop_lut2_I0_O)        0.303    12.914 r  u_ethernet/bias_we_i_10/O
                         net (fo=1, routed)           0.000    12.914    u_ethernet/bias_we_i_10_n_0
    SLICE_X15Y159        CARRY4 (Prop_carry4_S[0]_CO[3])
                                                      0.532    13.446 r  u_ethernet/bias_we_reg_i_4/CO[3]
                         net (fo=2, routed)           0.750    14.196    u_ethernet/bias_we1
    SLICE_X14Y159        LUT5 (Prop_lut5_I4_O)        0.124    14.320 f  u_ethernet/bias_waddr[6]_i_5/O
                         net (fo=1, routed)           0.282    14.602    u_ethernet/bias_waddr[6]_i_5_n_0
    SLICE_X14Y159        LUT5 (Prop_lut5_I3_O)        0.124    14.726 r  u_ethernet/bias_waddr[6]_i_1/O
                         net (fo=39, routed)          0.398    15.125    u_ethernet/bias_waddr[6]_i_1_n_0
    SLICE_X12Y160        FDRE                                         r  u_ethernet/bias_wdata_reg[0]/CE
  -------------------------------------------------------------------    -------------------

                         (clock sys_clk rise edge)   10.000    10.000 r  <hidden>
    E3                                                0.000    10.000 r  clk
                         net (fo=0)                   0.000    10.000    clk
    E3                   IBUF (Prop_ibuf_I_O)         1.411    11.411 r  clk_IBUF_inst/O
                         net (fo=1, routed)           1.920    13.331    clk_IBUF
    BUFGCTRL_X0Y16       BUFG (Prop_bufg_I_O)         0.091    13.422 r  clk_IBUF_BUFG_inst/O
                         net (fo=5567, routed)        1.683    15.105    u_ethernet/clk_IBUF_BUFG
    SLICE_X12Y160        FDRE                                         r  u_ethernet/bias_wdata_reg[0]/C
                         clock pessimism              0.268    15.374    <hidden>
                         clock uncertainty           -0.035    15.338    <hidden>
    SLICE_X12Y160        FDRE (Setup_fdre_C_CE)      -0.169    15.169    u_ethernet/bias_wdata_reg[0]
  -------------------------------------------------------------------
                         required time                         15.169    <hidden>
                         arrival time                         -15.125    <hidden>
  -------------------------------------------------------------------
                         slack                                  0.044    <hidden>





Min Delay Paths
--------------------------------------------------------------------------------------
Slack (MET) :             0.015ns  (arrival time - required time)
  Source:                 u_ethernet/tx_outputs_reg[215]/C
                            (rising edge-triggered cell FDRE clocked by sys_clk  {rise@0.000ns fall@5.000ns period=10.000ns})
  Destination:            u_ethernet/tx_buffer_reg[87][7]/D
                            (rising edge-triggered cell FDRE clocked by sys_clk  {rise@0.000ns fall@5.000ns period=10.000ns})
  Path Group:             sys_clk
  Path Type:              Hold (Min at Fast Process Corner)
  Requirement:            0.000ns  (sys_clk rise@0.000ns - sys_clk rise@0.000ns)
  Data Path Delay:        0.285ns  (logic 0.128ns (44.893%)  route 0.157ns (55.107%))
  Logic Levels:           0  
  Clock Path Skew:        0.264ns (DCD - SCD - CPR)
    Destination Clock Delay (DCD):    2.071ns
    Source Clock Delay      (SCD):    1.553ns
    Clock Pessimism Removal (CPR):    0.255ns

    Location             Delay type                Incr(ns)  Path(ns)    Netlist Resource(s)
  -------------------------------------------------------------------    -------------------
                         (clock sys_clk rise edge)    0.000     0.000 r  <hidden>
    E3                                                0.000     0.000 r  clk
                         net (fo=0)                   0.000     0.000    clk
    E3                   IBUF (Prop_ibuf_I_O)         0.250     0.250 r  clk_IBUF_inst/O
                         net (fo=1, routed)           0.644     0.894    clk_IBUF
    BUFGCTRL_X0Y16       BUFG (Prop_bufg_I_O)         0.026     0.920 r  clk_IBUF_BUFG_inst/O
                         net (fo=5567, routed)        0.633     1.553    u_ethernet/clk_IBUF_BUFG
    SLICE_X52Y181        FDRE                                         r  u_ethernet/tx_outputs_reg[215]/C
  -------------------------------------------------------------------    -------------------
    SLICE_X52Y181        FDRE (Prop_fdre_C_Q)         0.128     1.681 r  u_ethernet/tx_outputs_reg[215]/Q
                         net (fo=1, routed)           0.157     1.838    u_ethernet/buffer_value[87]_out[7]
    SLICE_X50Y181        FDRE                                         r  u_ethernet/tx_buffer_reg[87][7]/D
  -------------------------------------------------------------------    -------------------

                         (clock sys_clk rise edge)    0.000     0.000 r  <hidden>
    E3                                                0.000     0.000 r  clk
                         net (fo=0)                   0.000     0.000    clk
    E3                   IBUF (Prop_ibuf_I_O)         0.438     0.438 r  clk_IBUF_inst/O
                         net (fo=1, routed)           0.699     1.136    clk_IBUF
    BUFGCTRL_X0Y16       BUFG (Prop_bufg_I_O)         0.029     1.165 r  clk_IBUF_BUFG_inst/O
                         net (fo=5567, routed)        0.906     2.071    u_ethernet/clk_IBUF_BUFG
    SLICE_X50Y181        FDRE                                         r  u_ethernet/tx_buffer_reg[87][7]/C
                         clock pessimism             -0.255     1.817    <hidden>
    SLICE_X50Y181        FDRE (Hold_fdre_C_D)         0.006     1.823    u_ethernet/tx_buffer_reg[87][7]
  -------------------------------------------------------------------
                         required time                         -1.823    <hidden>
                         arrival time                           1.838    <hidden>
  -------------------------------------------------------------------
                         slack                                  0.015    <hidden>





Pulse Width Checks
--------------------------------------------------------------------------------------
Clock Name:         sys_clk
Waveform(ns):       { 0.000 5.000 }
Period(ns):         10.000
Sources:            { clk }

Check Type        Corner  Lib Pin             Reference Pin  Required(ns)  Actual(ns)  Slack(ns)  Location       Pin
Min Period        n/a     RAMB18E1/CLKARDCLK  n/a            2.944         10.000      7.056      RAMB18_X0Y60   u_mlp/u_bias_ram0/ram_reg/CLKARDCLK
Low Pulse Width   Slow    RAMS32/CLK          n/a            1.250         5.000       3.750      SLICE_X42Y134  u_mlp/u_hls_core/grp_hardware_exact_p16_fu_56/hidden1_10_U/ram_reg_0_3_0_0/SP/CLK
High Pulse Width  Slow    RAMS32/CLK          n/a            1.250         5.000       3.750      SLICE_X42Y134  u_mlp/u_hls_core/grp_hardware_exact_p16_fu_56/hidden1_10_U/ram_reg_0_3_0_0/SP/CLK



---------------------------------------------------------------------------------------------------
From Clock:  rmii_io_virtual
  To Clock:  sys_clk

Setup :            0  Failing Endpoints,  Worst Slack        1.988ns,  Total Violation        0.000ns
Hold  :            0  Failing Endpoints,  Worst Slack        9.830ns,  Total Violation        0.000ns
---------------------------------------------------------------------------------------------------


Max Delay Paths
--------------------------------------------------------------------------------------
Slack (MET) :             1.988ns  (required time - arrival time)
  Source:                 eth_rxd[0]
                            (input port clocked by rmii_io_virtual  {rise@0.000ns fall@10.000ns period=20.000ns})
  Destination:            rmii_rxd_input_reg[0]/D
                            (rising edge-triggered cell FDRE clocked by sys_clk  {rise@0.000ns fall@5.000ns period=10.000ns})
  Path Group:             sys_clk
  Path Type:              Setup (Max at Fast Process Corner)
  Requirement:            20.000ns  (sys_clk rise@20.000ns - rmii_io_virtual rise@0.000ns)
  Data Path Delay:        1.526ns  (logic 0.465ns (30.476%)  route 1.061ns (69.524%))
  Logic Levels:           1  (IBUF=1)
  Input Delay:            18.000ns
  Clock Path Skew:        1.564ns (DCD - SCD + CPR)
    Destination Clock Delay (DCD):    1.564ns = ( 11.564 - 10.000 ) 
    Source Clock Delay      (SCD):    0.000ns
    Clock Pessimism Removal (CPR):    0.000ns
  Clock Uncertainty:      0.025ns  ((TSJ^2 + TIJ^2)^1/2 + DJ) / 2 + PE
    Total System Jitter     (TSJ):    0.050ns
    Total Input Jitter      (TIJ):    0.000ns
    Discrete Jitter          (DJ):    0.000ns
    Phase Error              (PE):    0.000ns
  Timing Exception:       MultiCycle Path   Setup -end   2
  Clock Domain Crossing:  Inter clock paths are considered valid unless explicitly excluded by timing constraints such as set_clock_groups or set_false_path.

    Location             Delay type                Incr(ns)  Path(ns)    Netlist Resource(s)
  -------------------------------------------------------------------    -------------------
                         (clock rmii_io_virtual rise edge)
                                                      0.000     0.000 r  <hidden>
                         ideal clock network latency
                                                      0.000     0.000    <hidden>
                         input delay                 18.000    18.000    <hidden>
    C11                                               0.000    18.000 r  eth_rxd[0]
                         net (fo=0)                   0.000    18.000    eth_rxd[0]
    C11                  IBUF (Prop_ibuf_I_O)         0.465    18.465 r  eth_rxd_IBUF[0]_inst/O
                         net (fo=1, routed)           1.061    19.526    eth_rxd_IBUF[0]
    SLICE_X21Y167        FDRE                                         r  rmii_rxd_input_reg[0]/D
  -------------------------------------------------------------------    -------------------

                         (clock sys_clk rise edge)   20.000    20.000 r  <hidden>
    E3                                                0.000    20.000 r  clk
                         net (fo=0)                   0.000    20.000    clk
    E3                   IBUF (Prop_ibuf_I_O)         0.250    20.250 r  clk_IBUF_inst/O
                         net (fo=1, routed)           0.644    20.894    clk_IBUF
    BUFGCTRL_X0Y16       BUFG (Prop_bufg_I_O)         0.026    20.920 r  clk_IBUF_BUFG_inst/O
                         net (fo=5567, routed)        0.644    21.564    clk_IBUF_BUFG
    SLICE_X21Y167        FDRE                                         r  rmii_rxd_input_reg[0]/C
                         clock pessimism              0.000    21.564    <hidden>
                         clock uncertainty           -0.025    21.539    <hidden>
    SLICE_X21Y167        FDRE (Setup_fdre_C_D)       -0.025    21.514    rmii_rxd_input_reg[0]
  -------------------------------------------------------------------
                         required time                         21.514    <hidden>
                         arrival time                         -19.526    <hidden>
  -------------------------------------------------------------------
                         slack                                  1.988    <hidden>





Min Delay Paths
--------------------------------------------------------------------------------------
Slack (MET) :             9.830ns  (arrival time - required time)
  Source:                 eth_rxerr
                            (input port clocked by rmii_io_virtual  {rise@0.000ns fall@10.000ns period=20.000ns})
  Destination:            rmii_rxerr_input_reg/D
                            (rising edge-triggered cell FDRE clocked by sys_clk  {rise@0.000ns fall@5.000ns period=10.000ns})
  Path Group:             sys_clk
  Path Type:              Hold (Min at Slow Process Corner)
  Requirement:            -10.000ns  (sys_clk rise@10.000ns - rmii_io_virtual rise@20.000ns)
  Data Path Delay:        2.450ns  (logic 1.441ns (58.813%)  route 1.009ns (41.187%))
  Logic Levels:           1  (IBUF=1)
  Input Delay:            3.000ns
  Clock Path Skew:        5.403ns (DCD - SCD - CPR)
    Destination Clock Delay (DCD):    5.403ns
    Source Clock Delay      (SCD):    0.000ns
    Clock Pessimism Removal (CPR):    -0.000ns
  Clock Uncertainty:      0.025ns  ((TSJ^2 + TIJ^2)^1/2 + DJ) / 2 + PE
    Total System Jitter     (TSJ):    0.050ns
    Total Input Jitter      (TIJ):    0.000ns
    Discrete Jitter          (DJ):    0.000ns
    Phase Error              (PE):    0.000ns
  Timing Exception:       MultiCycle Path   Setup -end   2    Hold  -start 1
  Clock Domain Crossing:  Inter clock paths are considered valid unless explicitly excluded by timing constraints such as set_clock_groups or set_false_path.

    Location             Delay type                Incr(ns)  Path(ns)    Netlist Resource(s)
  -------------------------------------------------------------------    -------------------
                         (clock rmii_io_virtual rise edge)
                                                     20.000    20.000 r  <hidden>
                         ideal clock network latency
                                                      0.000    20.000    <hidden>
                         input delay                  3.000    23.000    <hidden>
    C10                                               0.000    23.000 r  eth_rxerr
                         net (fo=0)                   0.000    23.000    eth_rxerr
    C10                  IBUF (Prop_ibuf_I_O)         1.441    24.441 r  eth_rxerr_IBUF_inst/O
                         net (fo=1, routed)           1.009    25.450    eth_rxerr_IBUF
    SLICE_X11Y171        FDRE                                         r  rmii_rxerr_input_reg/D
  -------------------------------------------------------------------    -------------------

                         (clock sys_clk rise edge)   10.000    10.000 r  <hidden>
    E3                                                0.000    10.000 r  clk
                         net (fo=0)                   0.000    10.000    clk
    E3                   IBUF (Prop_ibuf_I_O)         1.482    11.482 r  clk_IBUF_inst/O
                         net (fo=1, routed)           2.025    13.506    clk_IBUF
    BUFGCTRL_X0Y16       BUFG (Prop_bufg_I_O)         0.096    13.602 r  clk_IBUF_BUFG_inst/O
                         net (fo=5567, routed)        1.800    15.403    clk_IBUF_BUFG
    SLICE_X11Y171        FDRE                                         r  rmii_rxerr_input_reg/C
                         clock pessimism              0.000    15.403    <hidden>
                         clock uncertainty            0.025    15.428    <hidden>
    SLICE_X11Y171        FDRE (Hold_fdre_C_D)         0.192    15.620    rmii_rxerr_input_reg
  -------------------------------------------------------------------
                         required time                        -15.620    <hidden>
                         arrival time                          25.450    <hidden>
  -------------------------------------------------------------------
                         slack                                  9.830    <hidden>





---------------------------------------------------------------------------------------------------
From Clock:  sys_clk
  To Clock:  rmii_ref_clk

Setup :            0  Failing Endpoints,  Worst Slack        5.347ns,  Total Violation        0.000ns
Hold  :           NA  Failing Endpoints,  Worst Slack           NA  ,  Total Violation           NA
---------------------------------------------------------------------------------------------------


Max Delay Paths
--------------------------------------------------------------------------------------
Slack (MET) :             5.347ns  (required time - arrival time)
  Source:                 u_ethernet/eth_txd_reg[1]/C
                            (rising edge-triggered cell FDRE clocked by sys_clk  {rise@0.000ns fall@5.000ns period=10.000ns})
  Destination:            eth_txd[1]
                            (output port clocked by rmii_ref_clk  {rise@0.000ns fall@10.000ns period=20.000ns})
  Path Group:             rmii_ref_clk
  Path Type:              Max at Fast Process Corner
  Requirement:            10.000ns  (rmii_ref_clk rise@20.000ns - sys_clk rise@10.000ns)
  Data Path Delay:        1.614ns  (logic 1.613ns (99.938%)  route 0.001ns (0.062%))
  Logic Levels:           1  (OBUF=1)
  Output Delay:           4.000ns
  Clock Path Skew:        0.996ns (DCD - SCD + CPR)
    Destination Clock Delay (DCD):    2.851ns = ( 22.851 - 20.000 ) 
    Source Clock Delay      (SCD):    2.105ns = ( 12.105 - 10.000 ) 
    Clock Pessimism Removal (CPR):    0.250ns
  Clock Uncertainty:      0.035ns  ((TSJ^2 + TIJ^2)^1/2 + DJ) / 2 + PE
    Total System Jitter     (TSJ):    0.071ns
    Total Input Jitter      (TIJ):    0.000ns
    Discrete Jitter          (DJ):    0.000ns
    Phase Error              (PE):    0.000ns

    Location             Delay type                Incr(ns)  Path(ns)    Netlist Resource(s)
  -------------------------------------------------------------------    -------------------
                         (clock sys_clk rise edge)   10.000    10.000 r  <hidden>
    E3                                                0.000    10.000 r  clk
                         net (fo=0)                   0.000    10.000    clk
    E3                   IBUF (Prop_ibuf_I_O)         0.438    10.438 r  clk_IBUF_inst/O
                         net (fo=1, routed)           0.699    11.136    clk_IBUF
    BUFGCTRL_X0Y16       BUFG (Prop_bufg_I_O)         0.029    11.165 r  clk_IBUF_BUFG_inst/O
                         net (fo=5567, routed)        0.940    12.105    u_ethernet/clk_IBUF_BUFG
    OLOGIC_X0Y175        FDRE                                         r  u_ethernet/eth_txd_reg[1]/C
  -------------------------------------------------------------------    -------------------
    OLOGIC_X0Y175        FDRE (Prop_fdre_C_Q)         0.204    12.309 r  u_ethernet/eth_txd_reg[1]/Q
                         net (fo=1, routed)           0.001    12.310    eth_txd_OBUF[1]
    A8                   OBUF (Prop_obuf_I_O)         1.409    13.720 r  eth_txd_OBUF[1]_inst/O
                         net (fo=0)                   0.000    13.720    eth_txd[1]
    A8                                                                r  eth_txd[1]
  -------------------------------------------------------------------    -------------------

                         (clock rmii_ref_clk rise edge)
                                                     20.000    20.000 f  <hidden>
    E3                                                0.000    20.000 f  clk
                         net (fo=0)                   0.000    20.000    clk
    E3                   IBUF (Prop_ibuf_I_O)         0.250    20.250 f  clk_IBUF_inst/O
                         net (fo=1, routed)           0.644    20.894    clk_IBUF
    BUFGCTRL_X0Y16       BUFG (Prop_bufg_I_O)         0.026    20.920 f  clk_IBUF_BUFG_inst/O
                         net (fo=5567, routed)        0.586    21.505    clk_IBUF_BUFG
    OLOGIC_X1Y128        ODDR (Prop_oddr_C_Q)         0.177    21.682 r  u_refclk_forward/Q
                         net (fo=1, routed)           0.001    21.683    eth_refclk_OBUF
    D5                   OBUF (Prop_obuf_I_O)         1.168    22.851 r  eth_refclk_OBUF_inst/O
                         net (fo=0)                   0.000    22.851    eth_refclk
    D5                                                                r  eth_refclk
                         clock pessimism              0.250    23.102    <hidden>
                         clock uncertainty           -0.035    23.066    <hidden>
                         output delay                -4.000    19.066    <hidden>
  -------------------------------------------------------------------
                         required time                         19.066    <hidden>
                         arrival time                         -13.720    <hidden>
  -------------------------------------------------------------------
                         slack                                  5.347    <hidden>






