Copyright 1986-2022 Xilinx, Inc. All Rights Reserved. Copyright 2022-2026 Advanced Micro Devices, Inc. All Rights Reserved.
---------------------------------------------------------------------------------------------------------------------------------------------
| Tool Version : Vivado v.2026.1 (win64) Build 6511674 Tue Jun 16 11:02:23 MDT 2026
| Date         : Fri Jul 17 09:10:10 2026
| Host         : Zeneca running 64-bit major release  (build 9200)
| Command      : report_timing_summary -return_string
| Design       : tiny_mlp_accelerator_bram
| Device       : 7a100t-csg324
| Speed File   : -1  PRODUCTION 1.23 2018-06-13
| Design State : Routed
---------------------------------------------------------------------------------------------------------------------------------------------

Timing Summary Report

------------------------------------------------------------------------------------------------
| Timer Settings
| --------------
------------------------------------------------------------------------------------------------

  Enable Multi Corner Analysis               :  Yes
  Enable Pessimism Removal                   :  Yes
  Pessimism Removal Resolution               :  Nearest Common Node
  Enable Input Delay Default Clock           :  No
  Enable Preset / Clear Arcs                 :  No
  Disable Flight Delays                      :  No
  Ignore I/O Paths                           :  No
  Timing Early Launch at Borrowing Latches   :  No
  Borrow Time for Max Delay Exceptions       :  Yes
  Merge Timing Exceptions                    :  Yes
  Inter-SLR Compensation                     :  Conservative

  Corner  Analyze    Analyze    
  Name    Max Paths  Min Paths  
  ------  ---------  ---------  
  Slow    Yes        Yes        
  Fast    Yes        Yes        


------------------------------------------------------------------------------------------------
| Report Methodology
| ------------------
------------------------------------------------------------------------------------------------

No report available as report_methodology has not been run prior. Run report_methodology on the current design for the summary of methodology violations.



check_timing report

Table of Contents
-----------------
1. checking no_clock (0)
2. checking constant_clock (0)
3. checking pulse_width_clock (0)
4. checking unconstrained_internal_endpoints (0)
5. checking no_input_delay (86)
6. checking no_output_delay (323)
7. checking multiple_clock (0)
8. checking generated_clocks (0)
9. checking loops (0)
10. checking partial_input_delay (0)
11. checking partial_output_delay (0)
12. checking latch_loops (0)

1. checking no_clock (0)
------------------------
 There are 0 register/latch pins with no clock.


2. checking constant_clock (0)
------------------------------
 There are 0 register/latch pins with constant_clock.


3. checking pulse_width_clock (0)
---------------------------------
 There are 0 register/latch pins which need pulse_width check


4. checking unconstrained_internal_endpoints (0)
------------------------------------------------
 There are 0 pins that are not constrained for maximum delay.

 There are 0 pins that are not constrained for maximum delay due to constant clock.


5. checking no_input_delay (86)
-------------------------------
 There are 86 input ports with no input delay specified. (HIGH)

 There are 0 input ports with no input delay but user has a false path constraint.


6. checking no_output_delay (323)
---------------------------------
 There are 323 ports with no output delay specified. (HIGH)

 There are 0 ports with no output delay but user has a false path constraint

 There are 0 ports with no output delay but with a timing clock defined on it or propagating through it


7. checking multiple_clock (0)
------------------------------
 There are 0 register/latch pins with multiple clocks.


8. checking generated_clocks (0)
--------------------------------
 There are 0 generated clocks that are not connected to a clock source.


9. checking loops (0)
---------------------
 There are 0 combinational loops in the design.


10. checking partial_input_delay (0)
------------------------------------
 There are 0 input ports with partial input delay specified.


11. checking partial_output_delay (0)
-------------------------------------
 There are 0 ports with partial output delay specified.


12. checking latch_loops (0)
----------------------------
 There are 0 combinational latch loops in the design through latch input



------------------------------------------------------------------------------------------------
| Design Timing Summary
| ---------------------
------------------------------------------------------------------------------------------------

    WNS(ns)      TNS(ns)  TNS Failing Endpoints  TNS Total Endpoints      WHS(ns)      THS(ns)  THS Failing Endpoints  THS Total Endpoints     WPWS(ns)     TPWS(ns)  TPWS Failing Endpoints  TPWS Total Endpoints  
    -------      -------  ---------------------  -------------------      -------      -------  ---------------------  -------------------     --------     --------  ----------------------  --------------------  
      1.734        0.000                      0                 6193        0.151        0.000                      0                 6193        3.750        0.000                       0                  3128  


All user specified timing constraints are met.


------------------------------------------------------------------------------------------------
| Clock Summary
| -------------
------------------------------------------------------------------------------------------------

Clock     Waveform(ns)       Period(ns)      Frequency(MHz)
-----     ------------       ----------      --------------
core_clk  {0.000 5.000}      10.000          100.000         


------------------------------------------------------------------------------------------------
| Intra Clock Table
| -----------------
------------------------------------------------------------------------------------------------

Clock             WNS(ns)      TNS(ns)  TNS Failing Endpoints  TNS Total Endpoints      WHS(ns)      THS(ns)  THS Failing Endpoints  THS Total Endpoints     WPWS(ns)     TPWS(ns)  TPWS Failing Endpoints  TPWS Total Endpoints  
-----             -------      -------  ---------------------  -------------------      -------      -------  ---------------------  -------------------     --------     --------  ----------------------  --------------------  
core_clk            1.734        0.000                      0                 6193        0.151        0.000                      0                 6193        3.750        0.000                       0                  3128  


------------------------------------------------------------------------------------------------
| Inter Clock Table
| -----------------
------------------------------------------------------------------------------------------------

From Clock    To Clock          WNS(ns)      TNS(ns)  TNS Failing Endpoints  TNS Total Endpoints      WHS(ns)      THS(ns)  THS Failing Endpoints  THS Total Endpoints  
----------    --------          -------      -------  ---------------------  -------------------      -------      -------  ---------------------  -------------------  


------------------------------------------------------------------------------------------------
| Other Path Groups Table
| -----------------------
------------------------------------------------------------------------------------------------

Path Group    From Clock    To Clock          WNS(ns)      TNS(ns)  TNS Failing Endpoints  TNS Total Endpoints      WHS(ns)      THS(ns)  THS Failing Endpoints  THS Total Endpoints  
----------    ----------    --------          -------      -------  ---------------------  -------------------      -------      -------  ---------------------  -------------------  


------------------------------------------------------------------------------------------------
| Timing Details
| --------------
------------------------------------------------------------------------------------------------


---------------------------------------------------------------------------------------------------
From Clock:  core_clk
  To Clock:  core_clk

Setup :            0  Failing Endpoints,  Worst Slack        1.734ns,  Total Violation        0.000ns
Hold  :            0  Failing Endpoints,  Worst Slack        0.151ns,  Total Violation        0.000ns
PW    :            0  Failing Endpoints,  Worst Slack        3.750ns,  Total Violation        0.000ns
---------------------------------------------------------------------------------------------------


Max Delay Paths
--------------------------------------------------------------------------------------
Slack (MET) :             1.734ns  (required time - arrival time)
  Source:                 u_hls_core/grp_vakili_r1_p16_fu_56/grp_vakili_r1_p16_Pipeline_layer1_inputs_fu_1348/flow_control_loop_pipe_sequential_init_U/ap_loop_init_int_reg/C
                            (rising edge-triggered cell FDRE clocked by core_clk  {rise@0.000ns fall@5.000ns period=10.000ns})
  Destination:            u_hls_core/grp_vakili_r1_p16_fu_56/grp_vakili_r1_p16_Pipeline_layer1_inputs_fu_1348/empty_21_fu_170_reg[29]/D
                            (rising edge-triggered cell FDRE clocked by core_clk  {rise@0.000ns fall@5.000ns period=10.000ns})
  Path Group:             core_clk
  Path Type:              Setup (Max at Slow Process Corner)
  Requirement:            10.000ns  (core_clk rise@10.000ns - core_clk rise@0.000ns)
  Data Path Delay:        8.244ns  (logic 2.147ns (26.043%)  route 6.097ns (73.957%))
  Logic Levels:           9  (CARRY4=7 LUT2=1 LUT4=1)
  Clock Path Skew:        -0.049ns (DCD - SCD + CPR)
    Destination Clock Delay (DCD):    0.924ns = ( 10.924 - 10.000 ) 
    Source Clock Delay      (SCD):    0.973ns
    Clock Pessimism Removal (CPR):    0.000ns
  Clock Uncertainty:      0.035ns  ((TSJ^2 + TIJ^2)^1/2 + DJ) / 2 + PE
    Total System Jitter     (TSJ):    0.071ns
    Total Input Jitter      (TIJ):    0.000ns
    Discrete Jitter          (DJ):    0.000ns
    Phase Error              (PE):    0.000ns

    Location             Delay type                Incr(ns)  Path(ns)    Netlist Resource(s)
  -------------------------------------------------------------------    -------------------
                         (clock core_clk rise edge)
                                                      0.000     0.000 r  <hidden>
                                                      0.000     0.000 r  clk
                         net (fo=3127, unset)         0.973     0.973    u_hls_core/grp_vakili_r1_p16_fu_56/grp_vakili_r1_p16_Pipeline_layer1_inputs_fu_1348/flow_control_loop_pipe_sequential_init_U/clk
    SLICE_X4Y25          FDRE                                         r  u_hls_core/grp_vakili_r1_p16_fu_56/grp_vakili_r1_p16_Pipeline_layer1_inputs_fu_1348/flow_control_loop_pipe_sequential_init_U/ap_loop_init_int_reg/C
  -------------------------------------------------------------------    -------------------
    SLICE_X4Y25          FDRE (Prop_fdre_C_Q)         0.419     1.392 f  u_hls_core/grp_vakili_r1_p16_fu_56/grp_vakili_r1_p16_Pipeline_layer1_inputs_fu_1348/flow_control_loop_pipe_sequential_init_U/ap_loop_init_int_reg/Q
                         net (fo=4, routed)           0.487     1.879    u_hls_core/grp_vakili_r1_p16_fu_56/grp_vakili_r1_p16_Pipeline_layer1_inputs_fu_1348/flow_control_loop_pipe_sequential_init_U/ap_loop_init_int_reg_0
    SLICE_X4Y25          LUT2 (Prop_lut2_I0_O)        0.299     2.178 r  u_hls_core/grp_vakili_r1_p16_fu_56/grp_vakili_r1_p16_Pipeline_layer1_inputs_fu_1348/flow_control_loop_pipe_sequential_init_U/ram_reg_i_11/O
                         net (fo=917, routed)         5.611     7.788    u_hls_core/grp_vakili_r1_p16_fu_56/grp_vakili_r1_p16_Pipeline_layer1_inputs_fu_1348/flow_control_loop_pipe_sequential_init_U/ram_reg_i_11_n_0
    SLICE_X27Y30         LUT4 (Prop_lut4_I2_O)        0.124     7.912 r  u_hls_core/grp_vakili_r1_p16_fu_56/grp_vakili_r1_p16_Pipeline_layer1_inputs_fu_1348/flow_control_loop_pipe_sequential_init_U/empty_21_fu_170[4]_i_6/O
                         net (fo=1, routed)           0.000     7.912    u_hls_core/grp_vakili_r1_p16_fu_56/grp_vakili_r1_p16_Pipeline_layer1_inputs_fu_1348/flow_control_loop_pipe_sequential_init_U/empty_21_fu_170[4]_i_6_n_0
    SLICE_X27Y30         CARRY4 (Prop_carry4_S[3]_CO[3])
                                                      0.401     8.313 r  u_hls_core/grp_vakili_r1_p16_fu_56/grp_vakili_r1_p16_Pipeline_layer1_inputs_fu_1348/flow_control_loop_pipe_sequential_init_U/empty_21_fu_170_reg[4]_i_1/CO[3]
                         net (fo=1, routed)           0.000     8.313    u_hls_core/grp_vakili_r1_p16_fu_56/grp_vakili_r1_p16_Pipeline_layer1_inputs_fu_1348/flow_control_loop_pipe_sequential_init_U/empty_21_fu_170_reg[4]_i_1_n_0
    SLICE_X27Y31         CARRY4 (Prop_carry4_CI_CO[3])
                                                      0.114     8.427 r  u_hls_core/grp_vakili_r1_p16_fu_56/grp_vakili_r1_p16_Pipeline_layer1_inputs_fu_1348/flow_control_loop_pipe_sequential_init_U/empty_21_fu_170_reg[8]_i_1/CO[3]
                         net (fo=1, routed)           0.000     8.427    u_hls_core/grp_vakili_r1_p16_fu_56/grp_vakili_r1_p16_Pipeline_layer1_inputs_fu_1348/flow_control_loop_pipe_sequential_init_U/empty_21_fu_170_reg[8]_i_1_n_0
    SLICE_X27Y32         CARRY4 (Prop_carry4_CI_CO[3])
                                                      0.114     8.541 r  u_hls_core/grp_vakili_r1_p16_fu_56/grp_vakili_r1_p16_Pipeline_layer1_inputs_fu_1348/flow_control_loop_pipe_sequential_init_U/empty_21_fu_170_reg[12]_i_1/CO[3]
                         net (fo=1, routed)           0.000     8.541    u_hls_core/grp_vakili_r1_p16_fu_56/grp_vakili_r1_p16_Pipeline_layer1_inputs_fu_1348/flow_control_loop_pipe_sequential_init_U/empty_21_fu_170_reg[12]_i_1_n_0
    SLICE_X27Y33         CARRY4 (Prop_carry4_CI_CO[3])
                                                      0.114     8.655 r  u_hls_core/grp_vakili_r1_p16_fu_56/grp_vakili_r1_p16_Pipeline_layer1_inputs_fu_1348/flow_control_loop_pipe_sequential_init_U/empty_21_fu_170_reg[16]_i_1/CO[3]
                         net (fo=1, routed)           0.000     8.655    u_hls_core/grp_vakili_r1_p16_fu_56/grp_vakili_r1_p16_Pipeline_layer1_inputs_fu_1348/flow_control_loop_pipe_sequential_init_U/empty_21_fu_170_reg[16]_i_1_n_0
    SLICE_X27Y34         CARRY4 (Prop_carry4_CI_CO[3])
                                                      0.114     8.769 r  u_hls_core/grp_vakili_r1_p16_fu_56/grp_vakili_r1_p16_Pipeline_layer1_inputs_fu_1348/flow_control_loop_pipe_sequential_init_U/empty_21_fu_170_reg[20]_i_1/CO[3]
                         net (fo=1, routed)           0.000     8.769    u_hls_core/grp_vakili_r1_p16_fu_56/grp_vakili_r1_p16_Pipeline_layer1_inputs_fu_1348/flow_control_loop_pipe_sequential_init_U/empty_21_fu_170_reg[20]_i_1_n_0
    SLICE_X27Y35         CARRY4 (Prop_carry4_CI_CO[3])
                                                      0.114     8.883 r  u_hls_core/grp_vakili_r1_p16_fu_56/grp_vakili_r1_p16_Pipeline_layer1_inputs_fu_1348/flow_control_loop_pipe_sequential_init_U/empty_21_fu_170_reg[24]_i_1/CO[3]
                         net (fo=1, routed)           0.000     8.883    u_hls_core/grp_vakili_r1_p16_fu_56/grp_vakili_r1_p16_Pipeline_layer1_inputs_fu_1348/flow_control_loop_pipe_sequential_init_U/empty_21_fu_170_reg[24]_i_1_n_0
    SLICE_X27Y36         CARRY4 (Prop_carry4_CI_O[1])
                                                      0.334     9.217 r  u_hls_core/grp_vakili_r1_p16_fu_56/grp_vakili_r1_p16_Pipeline_layer1_inputs_fu_1348/flow_control_loop_pipe_sequential_init_U/empty_21_fu_170_reg[28]_i_1/O[1]
                         net (fo=1, routed)           0.000     9.217    u_hls_core/grp_vakili_r1_p16_fu_56/grp_vakili_r1_p16_Pipeline_layer1_inputs_fu_1348/flow_control_loop_pipe_sequential_init_U_n_271
    SLICE_X27Y36         FDRE                                         r  u_hls_core/grp_vakili_r1_p16_fu_56/grp_vakili_r1_p16_Pipeline_layer1_inputs_fu_1348/empty_21_fu_170_reg[29]/D
  -------------------------------------------------------------------    -------------------

                         (clock core_clk rise edge)
                                                     10.000    10.000 r  <hidden>
                                                      0.000    10.000 r  clk
                         net (fo=3127, unset)         0.924    10.924    u_hls_core/grp_vakili_r1_p16_fu_56/grp_vakili_r1_p16_Pipeline_layer1_inputs_fu_1348/clk
    SLICE_X27Y36         FDRE                                         r  u_hls_core/grp_vakili_r1_p16_fu_56/grp_vakili_r1_p16_Pipeline_layer1_inputs_fu_1348/empty_21_fu_170_reg[29]/C
                         clock pessimism              0.000    10.924    <hidden>
                         clock uncertainty           -0.035    10.889    <hidden>
    SLICE_X27Y36         FDRE (Setup_fdre_C_D)        0.062    10.951    u_hls_core/grp_vakili_r1_p16_fu_56/grp_vakili_r1_p16_Pipeline_layer1_inputs_fu_1348/empty_21_fu_170_reg[29]
  -------------------------------------------------------------------
                         required time                         10.951    <hidden>
                         arrival time                          -9.217    <hidden>
  -------------------------------------------------------------------
                         slack                                  1.734    <hidden>





Min Delay Paths
--------------------------------------------------------------------------------------
Slack (MET) :             0.151ns  (arrival time - required time)
  Source:                 u_hls_core/grp_vakili_r1_p16_fu_56/grp_vakili_r1_mul8s_fu_4993/add_ln93_2_reg_821_reg[4]/C
                            (rising edge-triggered cell FDRE clocked by core_clk  {rise@0.000ns fall@5.000ns period=10.000ns})
  Destination:            u_hls_core/grp_vakili_r1_p16_fu_56/grp_vakili_r1_p16_Pipeline_layer3_inputs_fu_1508/ref_tmp172_assign_4_reg_1432_reg[15]/D
                            (rising edge-triggered cell FDRE clocked by core_clk  {rise@0.000ns fall@5.000ns period=10.000ns})
  Path Group:             core_clk
  Path Type:              Hold (Min at Fast Process Corner)
  Requirement:            0.000ns  (core_clk rise@0.000ns - core_clk rise@0.000ns)
  Data Path Delay:        0.306ns  (logic 0.252ns (82.325%)  route 0.054ns (17.675%))
  Logic Levels:           1  (CARRY4=1)
  Clock Path Skew:        0.022ns (DCD - SCD - CPR)
    Destination Clock Delay (DCD):    0.432ns
    Source Clock Delay      (SCD):    0.410ns
    Clock Pessimism Removal (CPR):    -0.000ns

    Location             Delay type                Incr(ns)  Path(ns)    Netlist Resource(s)
  -------------------------------------------------------------------    -------------------
                         (clock core_clk rise edge)
                                                      0.000     0.000 r  <hidden>
                                                      0.000     0.000 r  clk
                         net (fo=3127, unset)         0.410     0.410    u_hls_core/grp_vakili_r1_p16_fu_56/grp_vakili_r1_mul8s_fu_4993/clk
    SLICE_X47Y24         FDRE                                         r  u_hls_core/grp_vakili_r1_p16_fu_56/grp_vakili_r1_mul8s_fu_4993/add_ln93_2_reg_821_reg[4]/C
  -------------------------------------------------------------------    -------------------
    SLICE_X47Y24         FDRE (Prop_fdre_C_Q)         0.141     0.551 r  u_hls_core/grp_vakili_r1_p16_fu_56/grp_vakili_r1_mul8s_fu_4993/add_ln93_2_reg_821_reg[4]/Q
                         net (fo=1, routed)           0.054     0.605    u_hls_core/grp_vakili_r1_p16_fu_56/grp_vakili_r1_mul8s_fu_4993/add_ln93_2_reg_821[4]
    SLICE_X46Y24         CARRY4 (Prop_carry4_S[1]_O[1])
                                                      0.111     0.716 r  u_hls_core/grp_vakili_r1_p16_fu_56/grp_vakili_r1_mul8s_fu_4993/ref_tmp172_assign_4_reg_1432_reg[13]_i_1/O[1]
                         net (fo=1, routed)           0.000     0.716    u_hls_core/grp_vakili_r1_p16_fu_56/grp_vakili_r1_p16_Pipeline_layer3_inputs_fu_1508/grp_vakili_r1_mul8s_fu_4993_ap_return[10]
    SLICE_X46Y24         FDRE                                         r  u_hls_core/grp_vakili_r1_p16_fu_56/grp_vakili_r1_p16_Pipeline_layer3_inputs_fu_1508/ref_tmp172_assign_4_reg_1432_reg[15]/D
  -------------------------------------------------------------------    -------------------

                         (clock core_clk rise edge)
                                                      0.000     0.000 r  <hidden>
                                                      0.000     0.000 r  clk
                         net (fo=3127, unset)         0.432     0.432    u_hls_core/grp_vakili_r1_p16_fu_56/grp_vakili_r1_p16_Pipeline_layer3_inputs_fu_1508/clk
    SLICE_X46Y24         FDRE                                         r  u_hls_core/grp_vakili_r1_p16_fu_56/grp_vakili_r1_p16_Pipeline_layer3_inputs_fu_1508/ref_tmp172_assign_4_reg_1432_reg[15]/C
                         clock pessimism              0.000     0.432    <hidden>
    SLICE_X46Y24         FDRE (Hold_fdre_C_D)         0.134     0.566    u_hls_core/grp_vakili_r1_p16_fu_56/grp_vakili_r1_p16_Pipeline_layer3_inputs_fu_1508/ref_tmp172_assign_4_reg_1432_reg[15]
  -------------------------------------------------------------------
                         required time                         -0.566    <hidden>
                         arrival time                           0.716    <hidden>
  -------------------------------------------------------------------
                         slack                                  0.151    <hidden>





Pulse Width Checks
--------------------------------------------------------------------------------------
Clock Name:         core_clk
Waveform(ns):       { 0.000 5.000 }
Period(ns):         10.000
Sources:            { clk }

Check Type        Corner  Lib Pin             Reference Pin  Required(ns)  Actual(ns)  Slack(ns)  Location      Pin
Min Period        n/a     RAMB18E1/CLKARDCLK  n/a            2.944         10.000      7.056      RAMB18_X0Y14  u_bias_ram0/ram_reg/CLKARDCLK
Low Pulse Width   Slow    RAMS32/CLK          n/a            1.250         5.000       3.750      SLICE_X10Y32  u_hls_core/grp_vakili_r1_p16_fu_56/hidden1_10_U/ram_reg_0_3_0_0/SP/CLK
High Pulse Width  Slow    RAMS32/CLK          n/a            1.250         5.000       3.750      SLICE_X10Y32  u_hls_core/grp_vakili_r1_p16_fu_56/hidden1_10_U/ram_reg_0_3_0_0/SP/CLK




