Copyright 1986-2022 Xilinx, Inc. All Rights Reserved. Copyright 2022-2026 Advanced Micro Devices, Inc. All Rights Reserved.
---------------------------------------------------------------------------------------------------------------------------------------------
| Tool Version : Vivado v.2026.1 (win64) Build 6511674 Tue Jun 16 11:02:23 MDT 2026
| Date         : Fri Jul 17 09:12:10 2026
| Host         : Zeneca running 64-bit major release  (build 9200)
| Command      : report_timing_summary -return_string
| Design       : tiny_mlp_accelerator_bram
| Device       : 7a100t-csg324
| Speed File   : -1  PRODUCTION 1.23 2018-06-13
| Design State : Routed
---------------------------------------------------------------------------------------------------------------------------------------------

Timing Summary Report

------------------------------------------------------------------------------------------------
| Timer Settings
| --------------
------------------------------------------------------------------------------------------------

  Enable Multi Corner Analysis               :  Yes
  Enable Pessimism Removal                   :  Yes
  Pessimism Removal Resolution               :  Nearest Common Node
  Enable Input Delay Default Clock           :  No
  Enable Preset / Clear Arcs                 :  No
  Disable Flight Delays                      :  No
  Ignore I/O Paths                           :  No
  Timing Early Launch at Borrowing Latches   :  No
  Borrow Time for Max Delay Exceptions       :  Yes
  Merge Timing Exceptions                    :  Yes
  Inter-SLR Compensation                     :  Conservative

  Corner  Analyze    Analyze    
  Name    Max Paths  Min Paths  
  ------  ---------  ---------  
  Slow    Yes        Yes        
  Fast    Yes        Yes        


------------------------------------------------------------------------------------------------
| Report Methodology
| ------------------
------------------------------------------------------------------------------------------------

No report available as report_methodology has not been run prior. Run report_methodology on the current design for the summary of methodology violations.



check_timing report

Table of Contents
-----------------
1. checking no_clock (0)
2. checking constant_clock (0)
3. checking pulse_width_clock (0)
4. checking unconstrained_internal_endpoints (0)
5. checking no_input_delay (86)
6. checking no_output_delay (323)
7. checking multiple_clock (0)
8. checking generated_clocks (0)
9. checking loops (0)
10. checking partial_input_delay (0)
11. checking partial_output_delay (0)
12. checking latch_loops (0)

1. checking no_clock (0)
------------------------
 There are 0 register/latch pins with no clock.


2. checking constant_clock (0)
------------------------------
 There are 0 register/latch pins with constant_clock.


3. checking pulse_width_clock (0)
---------------------------------
 There are 0 register/latch pins which need pulse_width check


4. checking unconstrained_internal_endpoints (0)
------------------------------------------------
 There are 0 pins that are not constrained for maximum delay.

 There are 0 pins that are not constrained for maximum delay due to constant clock.


5. checking no_input_delay (86)
-------------------------------
 There are 86 input ports with no input delay specified. (HIGH)

 There are 0 input ports with no input delay but user has a false path constraint.


6. checking no_output_delay (323)
---------------------------------
 There are 323 ports with no output delay specified. (HIGH)

 There are 0 ports with no output delay but user has a false path constraint

 There are 0 ports with no output delay but with a timing clock defined on it or propagating through it


7. checking multiple_clock (0)
------------------------------
 There are 0 register/latch pins with multiple clocks.


8. checking generated_clocks (0)
--------------------------------
 There are 0 generated clocks that are not connected to a clock source.


9. checking loops (0)
---------------------
 There are 0 combinational loops in the design.


10. checking partial_input_delay (0)
------------------------------------
 There are 0 input ports with partial input delay specified.


11. checking partial_output_delay (0)
-------------------------------------
 There are 0 ports with partial output delay specified.


12. checking latch_loops (0)
----------------------------
 There are 0 combinational latch loops in the design through latch input



------------------------------------------------------------------------------------------------
| Design Timing Summary
| ---------------------
------------------------------------------------------------------------------------------------

    WNS(ns)      TNS(ns)  TNS Failing Endpoints  TNS Total Endpoints      WHS(ns)      THS(ns)  THS Failing Endpoints  THS Total Endpoints     WPWS(ns)     TPWS(ns)  TPWS Failing Endpoints  TPWS Total Endpoints  
    -------      -------  ---------------------  -------------------      -------      -------  ---------------------  -------------------     --------     --------  ----------------------  --------------------  
      0.657        0.000                      0                 6658        0.148        0.000                      0                 6658        3.750        0.000                       0                  3456  


All user specified timing constraints are met.


------------------------------------------------------------------------------------------------
| Clock Summary
| -------------
------------------------------------------------------------------------------------------------

Clock     Waveform(ns)       Period(ns)      Frequency(MHz)
-----     ------------       ----------      --------------
core_clk  {0.000 5.000}      10.000          100.000         


------------------------------------------------------------------------------------------------
| Intra Clock Table
| -----------------
------------------------------------------------------------------------------------------------

Clock             WNS(ns)      TNS(ns)  TNS Failing Endpoints  TNS Total Endpoints      WHS(ns)      THS(ns)  THS Failing Endpoints  THS Total Endpoints     WPWS(ns)     TPWS(ns)  TPWS Failing Endpoints  TPWS Total Endpoints  
-----             -------      -------  ---------------------  -------------------      -------      -------  ---------------------  -------------------     --------     --------  ----------------------  --------------------  
core_clk            0.657        0.000                      0                 6658        0.148        0.000                      0                 6658        3.750        0.000                       0                  3456  


------------------------------------------------------------------------------------------------
| Inter Clock Table
| -----------------
------------------------------------------------------------------------------------------------

From Clock    To Clock          WNS(ns)      TNS(ns)  TNS Failing Endpoints  TNS Total Endpoints      WHS(ns)      THS(ns)  THS Failing Endpoints  THS Total Endpoints  
----------    --------          -------      -------  ---------------------  -------------------      -------      -------  ---------------------  -------------------  


------------------------------------------------------------------------------------------------
| Other Path Groups Table
| -----------------------
------------------------------------------------------------------------------------------------

Path Group    From Clock    To Clock          WNS(ns)      TNS(ns)  TNS Failing Endpoints  TNS Total Endpoints      WHS(ns)      THS(ns)  THS Failing Endpoints  THS Total Endpoints  
----------    ----------    --------          -------      -------  ---------------------  -------------------      -------      -------  ---------------------  -------------------  


------------------------------------------------------------------------------------------------
| Timing Details
| --------------
------------------------------------------------------------------------------------------------


---------------------------------------------------------------------------------------------------
From Clock:  core_clk
  To Clock:  core_clk

Setup :            0  Failing Endpoints,  Worst Slack        0.657ns,  Total Violation        0.000ns
Hold  :            0  Failing Endpoints,  Worst Slack        0.148ns,  Total Violation        0.000ns
PW    :            0  Failing Endpoints,  Worst Slack        3.750ns,  Total Violation        0.000ns
---------------------------------------------------------------------------------------------------


Max Delay Paths
--------------------------------------------------------------------------------------
Slack (MET) :             0.657ns  (required time - arrival time)
  Source:                 u_input_ram/ram_reg/CLKBWRCLK
                            (rising edge-triggered cell RAMB18E1 clocked by core_clk  {rise@0.000ns fall@5.000ns period=10.000ns})
  Destination:            u_hls_core/grp_hardware_exact_p16_fu_56/grp_hardware_exact_p16_Pipeline_layer1_inputs_fu_1348/product_31_reg_1584_reg[13]/D
                            (rising edge-triggered cell FDRE clocked by core_clk  {rise@0.000ns fall@5.000ns period=10.000ns})
  Path Group:             core_clk
  Path Type:              Setup (Max at Slow Process Corner)
  Requirement:            10.000ns  (core_clk rise@10.000ns - core_clk rise@0.000ns)
  Data Path Delay:        9.368ns  (logic 4.618ns (49.296%)  route 4.750ns (50.704%))
  Logic Levels:           6  (CARRY4=4 LUT3=1 LUT6=1)
  Clock Path Skew:        -0.049ns (DCD - SCD + CPR)
    Destination Clock Delay (DCD):    0.924ns = ( 10.924 - 10.000 ) 
    Source Clock Delay      (SCD):    0.973ns
    Clock Pessimism Removal (CPR):    0.000ns
  Clock Uncertainty:      0.035ns  ((TSJ^2 + TIJ^2)^1/2 + DJ) / 2 + PE
    Total System Jitter     (TSJ):    0.071ns
    Total Input Jitter      (TIJ):    0.000ns
    Discrete Jitter          (DJ):    0.000ns
    Phase Error              (PE):    0.000ns

    Location             Delay type                Incr(ns)  Path(ns)    Netlist Resource(s)
  -------------------------------------------------------------------    -------------------
                         (clock core_clk rise edge)
                                                      0.000     0.000 r  <hidden>
                                                      0.000     0.000 r  clk
                         net (fo=3455, unset)         0.973     0.973    u_input_ram/clk
    RAMB18_X0Y11         RAMB18E1                                     r  u_input_ram/ram_reg/CLKBWRCLK
  -------------------------------------------------------------------    -------------------
    RAMB18_X0Y11         RAMB18E1 (Prop_ramb18e1_CLKBWRCLK_DOBDO[4])
                                                      2.454     3.427 r  u_input_ram/ram_reg/DOBDO[4]
                         net (fo=272, routed)         2.575     6.002    u_hls_core/grp_hardware_exact_p16_fu_56/grp_hardware_exact_p16_Pipeline_layer1_inputs_fu_1348/mul_8s_8s_16_1_1_U8/product_31_reg_1584_reg[15]_i_8_0[4]
    SLICE_X47Y23         LUT6 (Prop_lut6_I0_O)        0.124     6.126 r  u_hls_core/grp_hardware_exact_p16_fu_56/grp_hardware_exact_p16_Pipeline_layer1_inputs_fu_1348/mul_8s_8s_16_1_1_U8/product_31_reg_1584[3]_i_3/O
                         net (fo=1, routed)           0.641     6.767    u_hls_core/grp_hardware_exact_p16_fu_56/grp_hardware_exact_p16_Pipeline_layer1_inputs_fu_1348/mul_8s_8s_16_1_1_U8/product_31_reg_1584[3]_i_3_n_0
    SLICE_X46Y23         CARRY4 (Prop_carry4_DI[3]_CO[3])
                                                      0.396     7.163 r  u_hls_core/grp_hardware_exact_p16_fu_56/grp_hardware_exact_p16_Pipeline_layer1_inputs_fu_1348/mul_8s_8s_16_1_1_U8/product_31_reg_1584_reg[3]_i_2/CO[3]
                         net (fo=1, routed)           0.000     7.163    u_hls_core/grp_hardware_exact_p16_fu_56/grp_hardware_exact_p16_Pipeline_layer1_inputs_fu_1348/mul_8s_8s_16_1_1_U8/product_31_reg_1584_reg[3]_i_2_n_0
    SLICE_X46Y24         CARRY4 (Prop_carry4_CI_O[0])
                                                      0.219     7.382 r  u_hls_core/grp_hardware_exact_p16_fu_56/grp_hardware_exact_p16_Pipeline_layer1_inputs_fu_1348/mul_8s_8s_16_1_1_U8/product_31_reg_1584_reg[11]_i_10/O[0]
                         net (fo=2, routed)           0.993     8.375    u_hls_core/grp_hardware_exact_p16_fu_56/grp_hardware_exact_p16_Pipeline_layer1_inputs_fu_1348/mul_8s_8s_16_1_1_U8/product_31_reg_1584_reg[11]_i_10_n_7
    SLICE_X34Y23         LUT3 (Prop_lut3_I1_O)        0.321     8.696 r  u_hls_core/grp_hardware_exact_p16_fu_56/grp_hardware_exact_p16_Pipeline_layer1_inputs_fu_1348/mul_8s_8s_16_1_1_U8/product_31_reg_1584[11]_i_5/O
                         net (fo=2, routed)           0.532     9.228    u_hls_core/grp_hardware_exact_p16_fu_56/grp_hardware_exact_p16_Pipeline_layer1_inputs_fu_1348/mul_8s_8s_16_1_1_U8/product_31_reg_1584[11]_i_5_n_0
    SLICE_X34Y24         CARRY4 (Prop_carry4_DI[0]_CO[3])
                                                      0.781    10.009 r  u_hls_core/grp_hardware_exact_p16_fu_56/grp_hardware_exact_p16_Pipeline_layer1_inputs_fu_1348/mul_8s_8s_16_1_1_U8/product_31_reg_1584_reg[11]_i_1/CO[3]
                         net (fo=1, routed)           0.009    10.018    u_hls_core/grp_hardware_exact_p16_fu_56/grp_hardware_exact_p16_Pipeline_layer1_inputs_fu_1348/mul_8s_8s_16_1_1_U8/product_31_reg_1584_reg[11]_i_1_n_0
    SLICE_X34Y25         CARRY4 (Prop_carry4_CI_O[1])
                                                      0.323    10.341 r  u_hls_core/grp_hardware_exact_p16_fu_56/grp_hardware_exact_p16_Pipeline_layer1_inputs_fu_1348/mul_8s_8s_16_1_1_U8/product_31_reg_1584_reg[15]_i_1/O[1]
                         net (fo=1, routed)           0.000    10.341    u_hls_core/grp_hardware_exact_p16_fu_56/grp_hardware_exact_p16_Pipeline_layer1_inputs_fu_1348/product_31_fu_903_p2[13]
    SLICE_X34Y25         FDRE                                         r  u_hls_core/grp_hardware_exact_p16_fu_56/grp_hardware_exact_p16_Pipeline_layer1_inputs_fu_1348/product_31_reg_1584_reg[13]/D
  -------------------------------------------------------------------    -------------------

                         (clock core_clk rise edge)
                                                     10.000    10.000 r  <hidden>
                                                      0.000    10.000 r  clk
                         net (fo=3455, unset)         0.924    10.924    u_hls_core/grp_hardware_exact_p16_fu_56/grp_hardware_exact_p16_Pipeline_layer1_inputs_fu_1348/clk
    SLICE_X34Y25         FDRE                                         r  u_hls_core/grp_hardware_exact_p16_fu_56/grp_hardware_exact_p16_Pipeline_layer1_inputs_fu_1348/product_31_reg_1584_reg[13]/C
                         clock pessimism              0.000    10.924    <hidden>
                         clock uncertainty           -0.035    10.889    <hidden>
    SLICE_X34Y25         FDRE (Setup_fdre_C_D)        0.109    10.998    u_hls_core/grp_hardware_exact_p16_fu_56/grp_hardware_exact_p16_Pipeline_layer1_inputs_fu_1348/product_31_reg_1584_reg[13]
  -------------------------------------------------------------------
                         required time                         10.998    <hidden>
                         arrival time                         -10.341    <hidden>
  -------------------------------------------------------------------
                         slack                                  0.657    <hidden>





Min Delay Paths
--------------------------------------------------------------------------------------
Slack (MET) :             0.148ns  (arrival time - required time)
  Source:                 u_hls_core/grp_hardware_exact_p16_fu_56/grp_hardware_exact_p16_Pipeline_layer2_inputs_fu_1421/index_fu_320_reg[1]/C
                            (rising edge-triggered cell FDRE clocked by core_clk  {rise@0.000ns fall@5.000ns period=10.000ns})
  Destination:            u_hls_core/grp_hardware_exact_p16_fu_56/grp_hardware_exact_p16_Pipeline_layer2_inputs_fu_1421/index_fu_320_reg[3]/D
                            (rising edge-triggered cell FDRE clocked by core_clk  {rise@0.000ns fall@5.000ns period=10.000ns})
  Path Group:             core_clk
  Path Type:              Hold (Min at Fast Process Corner)
  Requirement:            0.000ns  (core_clk rise@0.000ns - core_clk rise@0.000ns)
  Data Path Delay:        0.301ns  (logic 0.189ns (62.895%)  route 0.112ns (37.105%))
  Logic Levels:           1  (LUT5=1)
  Clock Path Skew:        0.022ns (DCD - SCD - CPR)
    Destination Clock Delay (DCD):    0.432ns
    Source Clock Delay      (SCD):    0.410ns
    Clock Pessimism Removal (CPR):    -0.000ns

    Location             Delay type                Incr(ns)  Path(ns)    Netlist Resource(s)
  -------------------------------------------------------------------    -------------------
                         (clock core_clk rise edge)
                                                      0.000     0.000 r  <hidden>
                                                      0.000     0.000 r  clk
                         net (fo=3455, unset)         0.410     0.410    u_hls_core/grp_hardware_exact_p16_fu_56/grp_hardware_exact_p16_Pipeline_layer2_inputs_fu_1421/clk
    SLICE_X13Y25         FDRE                                         r  u_hls_core/grp_hardware_exact_p16_fu_56/grp_hardware_exact_p16_Pipeline_layer2_inputs_fu_1421/index_fu_320_reg[1]/C
  -------------------------------------------------------------------    -------------------
    SLICE_X13Y25         FDRE (Prop_fdre_C_Q)         0.141     0.551 r  u_hls_core/grp_hardware_exact_p16_fu_56/grp_hardware_exact_p16_Pipeline_layer2_inputs_fu_1421/index_fu_320_reg[1]/Q
                         net (fo=7, routed)           0.112     0.663    u_hls_core/grp_hardware_exact_p16_fu_56/grp_hardware_exact_p16_Pipeline_layer2_inputs_fu_1421/flow_control_loop_pipe_sequential_init_U/index_fu_320_reg[1]
    SLICE_X12Y25         LUT5 (Prop_lut5_I0_O)        0.048     0.711 r  u_hls_core/grp_hardware_exact_p16_fu_56/grp_hardware_exact_p16_Pipeline_layer2_inputs_fu_1421/flow_control_loop_pipe_sequential_init_U/index_fu_320[3]_i_1/O
                         net (fo=1, routed)           0.000     0.711    u_hls_core/grp_hardware_exact_p16_fu_56/grp_hardware_exact_p16_Pipeline_layer2_inputs_fu_1421/add_ln89_fu_1052_p2[3]
    SLICE_X12Y25         FDRE                                         r  u_hls_core/grp_hardware_exact_p16_fu_56/grp_hardware_exact_p16_Pipeline_layer2_inputs_fu_1421/index_fu_320_reg[3]/D
  -------------------------------------------------------------------    -------------------

                         (clock core_clk rise edge)
                                                      0.000     0.000 r  <hidden>
                                                      0.000     0.000 r  clk
                         net (fo=3455, unset)         0.432     0.432    u_hls_core/grp_hardware_exact_p16_fu_56/grp_hardware_exact_p16_Pipeline_layer2_inputs_fu_1421/clk
    SLICE_X12Y25         FDRE                                         r  u_hls_core/grp_hardware_exact_p16_fu_56/grp_hardware_exact_p16_Pipeline_layer2_inputs_fu_1421/index_fu_320_reg[3]/C
                         clock pessimism              0.000     0.432    <hidden>
    SLICE_X12Y25         FDRE (Hold_fdre_C_D)         0.131     0.563    u_hls_core/grp_hardware_exact_p16_fu_56/grp_hardware_exact_p16_Pipeline_layer2_inputs_fu_1421/index_fu_320_reg[3]
  -------------------------------------------------------------------
                         required time                         -0.563    <hidden>
                         arrival time                           0.711    <hidden>
  -------------------------------------------------------------------
                         slack                                  0.148    <hidden>





Pulse Width Checks
--------------------------------------------------------------------------------------
Clock Name:         core_clk
Waveform(ns):       { 0.000 5.000 }
Period(ns):         10.000
Sources:            { clk }

Check Type        Corner  Lib Pin             Reference Pin  Required(ns)  Actual(ns)  Slack(ns)  Location      Pin
Min Period        n/a     RAMB18E1/CLKARDCLK  n/a            2.944         10.000      7.056      RAMB18_X0Y10  u_bias_ram0/ram_reg/CLKARDCLK
Low Pulse Width   Slow    RAMS32/CLK          n/a            1.250         5.000       3.750      SLICE_X30Y42  u_hls_core/grp_hardware_exact_p16_fu_56/hidden1_10_U/ram_reg_0_3_0_0/SP/CLK
High Pulse Width  Slow    RAMS32/CLK          n/a            1.250         5.000       3.750      SLICE_X30Y42  u_hls_core/grp_hardware_exact_p16_fu_56/hidden1_10_U/ram_reg_0_3_0_0/SP/CLK




