Copyright 1986-2022 Xilinx, Inc. All Rights Reserved. Copyright 2022-2026 Advanced Micro Devices, Inc. All Rights Reserved.
---------------------------------------------------------------------------------------------------------------------------------------------
| Tool Version : Vivado v.2026.1 (win64) Build 6511674 Tue Jun 16 11:02:23 MDT 2026
| Date         : Fri Jul 17 08:34:08 2026
| Host         : Zeneca running 64-bit major release  (build 9200)
| Command      : report_timing_summary -return_string
| Design       : tiny_mlp_uart_top
| Device       : 7a100t-csg324
| Speed File   : -1  PRODUCTION 1.23 2018-06-13
| Design State : Routed
---------------------------------------------------------------------------------------------------------------------------------------------

Timing Summary Report

------------------------------------------------------------------------------------------------
| Timer Settings
| --------------
------------------------------------------------------------------------------------------------

  Enable Multi Corner Analysis               :  Yes
  Enable Pessimism Removal                   :  Yes
  Pessimism Removal Resolution               :  Nearest Common Node
  Enable Input Delay Default Clock           :  No
  Enable Preset / Clear Arcs                 :  No
  Disable Flight Delays                      :  No
  Ignore I/O Paths                           :  No
  Timing Early Launch at Borrowing Latches   :  No
  Borrow Time for Max Delay Exceptions       :  Yes
  Merge Timing Exceptions                    :  Yes
  Inter-SLR Compensation                     :  Conservative

  Corner  Analyze    Analyze    
  Name    Max Paths  Min Paths  
  ------  ---------  ---------  
  Slow    Yes        Yes        
  Fast    Yes        Yes        


------------------------------------------------------------------------------------------------
| Report Methodology
| ------------------
------------------------------------------------------------------------------------------------

Rule       Severity  Description                                 Violations  
---------  --------  ------------------------------------------  ----------  
SYNTH-6    Warning   Timing of a RAM block might be sub-optimal  19          
TIMING-18  Warning   Missing input or output delay               5           

Note: This report is based on the most recent report_methodology run and may not be up-to-date. Run report_methodology on the current design for the latest report.



check_timing report

Table of Contents
-----------------
1. checking no_clock (0)
2. checking constant_clock (0)
3. checking pulse_width_clock (0)
4. checking unconstrained_internal_endpoints (0)
5. checking no_input_delay (2)
6. checking no_output_delay (3)
7. checking multiple_clock (0)
8. checking generated_clocks (0)
9. checking loops (0)
10. checking partial_input_delay (0)
11. checking partial_output_delay (0)
12. checking latch_loops (0)

1. checking no_clock (0)
------------------------
 There are 0 register/latch pins with no clock.


2. checking constant_clock (0)
------------------------------
 There are 0 register/latch pins with constant_clock.


3. checking pulse_width_clock (0)
---------------------------------
 There are 0 register/latch pins which need pulse_width check


4. checking unconstrained_internal_endpoints (0)
------------------------------------------------
 There are 0 pins that are not constrained for maximum delay.

 There are 0 pins that are not constrained for maximum delay due to constant clock.


5. checking no_input_delay (2)
------------------------------
 There are 2 input ports with no input delay specified. (HIGH)

 There are 0 input ports with no input delay but user has a false path constraint.


6. checking no_output_delay (3)
-------------------------------
 There are 3 ports with no output delay specified. (HIGH)

 There are 0 ports with no output delay but user has a false path constraint

 There are 0 ports with no output delay but with a timing clock defined on it or propagating through it


7. checking multiple_clock (0)
------------------------------
 There are 0 register/latch pins with multiple clocks.


8. checking generated_clocks (0)
--------------------------------
 There are 0 generated clocks that are not connected to a clock source.


9. checking loops (0)
---------------------
 There are 0 combinational loops in the design.


10. checking partial_input_delay (0)
------------------------------------
 There are 0 input ports with partial input delay specified.


11. checking partial_output_delay (0)
-------------------------------------
 There are 0 ports with partial output delay specified.


12. checking latch_loops (0)
----------------------------
 There are 0 combinational latch loops in the design through latch input



------------------------------------------------------------------------------------------------
| Design Timing Summary
| ---------------------
------------------------------------------------------------------------------------------------

    WNS(ns)      TNS(ns)  TNS Failing Endpoints  TNS Total Endpoints      WHS(ns)      THS(ns)  THS Failing Endpoints  THS Total Endpoints     WPWS(ns)     TPWS(ns)  TPWS Failing Endpoints  TPWS Total Endpoints  
    -------      -------  ---------------------  -------------------      -------      -------  ---------------------  -------------------     --------     --------  ----------------------  --------------------  
      0.587        0.000                      0                 8359        0.082        0.000                      0                 8359        3.750        0.000                       0                  4010  


All user specified timing constraints are met.


------------------------------------------------------------------------------------------------
| Clock Summary
| -------------
------------------------------------------------------------------------------------------------

Clock        Waveform(ns)       Period(ns)      Frequency(MHz)
-----        ------------       ----------      --------------
sys_clk_pin  {0.000 5.000}      10.000          100.000         


------------------------------------------------------------------------------------------------
| Intra Clock Table
| -----------------
------------------------------------------------------------------------------------------------

Clock             WNS(ns)      TNS(ns)  TNS Failing Endpoints  TNS Total Endpoints      WHS(ns)      THS(ns)  THS Failing Endpoints  THS Total Endpoints     WPWS(ns)     TPWS(ns)  TPWS Failing Endpoints  TPWS Total Endpoints  
-----             -------      -------  ---------------------  -------------------      -------      -------  ---------------------  -------------------     --------     --------  ----------------------  --------------------  
sys_clk_pin         0.587        0.000                      0                 8359        0.082        0.000                      0                 8359        3.750        0.000                       0                  4010  


------------------------------------------------------------------------------------------------
| Inter Clock Table
| -----------------
------------------------------------------------------------------------------------------------

From Clock    To Clock          WNS(ns)      TNS(ns)  TNS Failing Endpoints  TNS Total Endpoints      WHS(ns)      THS(ns)  THS Failing Endpoints  THS Total Endpoints  
----------    --------          -------      -------  ---------------------  -------------------      -------      -------  ---------------------  -------------------  


------------------------------------------------------------------------------------------------
| Other Path Groups Table
| -----------------------
------------------------------------------------------------------------------------------------

Path Group    From Clock    To Clock          WNS(ns)      TNS(ns)  TNS Failing Endpoints  TNS Total Endpoints      WHS(ns)      THS(ns)  THS Failing Endpoints  THS Total Endpoints  
----------    ----------    --------          -------      -------  ---------------------  -------------------      -------      -------  ---------------------  -------------------  


------------------------------------------------------------------------------------------------
| Timing Details
| --------------
------------------------------------------------------------------------------------------------


---------------------------------------------------------------------------------------------------
From Clock:  sys_clk_pin
  To Clock:  sys_clk_pin

Setup :            0  Failing Endpoints,  Worst Slack        0.587ns,  Total Violation        0.000ns
Hold  :            0  Failing Endpoints,  Worst Slack        0.082ns,  Total Violation        0.000ns
PW    :            0  Failing Endpoints,  Worst Slack        3.750ns,  Total Violation        0.000ns
---------------------------------------------------------------------------------------------------


Max Delay Paths
--------------------------------------------------------------------------------------
Slack (MET) :             0.587ns  (required time - arrival time)
  Source:                 u_mlp/output_mem_reg[9][8]/C
                            (rising edge-triggered cell FDRE clocked by sys_clk_pin  {rise@0.000ns fall@5.000ns period=10.000ns})
  Destination:            tx_buf_reg[46][7]/D
                            (rising edge-triggered cell FDRE clocked by sys_clk_pin  {rise@0.000ns fall@5.000ns period=10.000ns})
  Path Group:             sys_clk_pin
  Path Type:              Setup (Max at Slow Process Corner)
  Requirement:            10.000ns  (sys_clk_pin rise@10.000ns - sys_clk_pin rise@0.000ns)
  Data Path Delay:        9.367ns  (logic 3.888ns (41.508%)  route 5.479ns (58.492%))
  Logic Levels:           12  (CARRY4=4 LUT3=4 LUT4=2 LUT6=2)
  Clock Path Skew:        -0.120ns (DCD - SCD + CPR)
    Destination Clock Delay (DCD):    5.113ns = ( 15.113 - 10.000 ) 
    Source Clock Delay      (SCD):    5.501ns
    Clock Pessimism Removal (CPR):    0.267ns
  Clock Uncertainty:      0.035ns  ((TSJ^2 + TIJ^2)^1/2 + DJ) / 2 + PE
    Total System Jitter     (TSJ):    0.071ns
    Total Input Jitter      (TIJ):    0.000ns
    Discrete Jitter          (DJ):    0.000ns
    Phase Error              (PE):    0.000ns

    Location             Delay type                Incr(ns)  Path(ns)    Netlist Resource(s)
  -------------------------------------------------------------------    -------------------
                         (clock sys_clk_pin rise edge)
                                                      0.000     0.000 r  <hidden>
    E3                                                0.000     0.000 r  clk
                         net (fo=0)                   0.000     0.000    clk
    E3                   IBUF (Prop_ibuf_I_O)         1.482     1.482 r  clk_IBUF_inst/O
                         net (fo=1, routed)           2.025     3.506    clk_IBUF
    BUFGCTRL_X0Y16       BUFG (Prop_bufg_I_O)         0.096     3.602 r  clk_IBUF_BUFG_inst/O
                         net (fo=4009, routed)        1.898     5.501    u_mlp/clk_IBUF_BUFG
    SLICE_X3Y41          FDRE                                         r  u_mlp/output_mem_reg[9][8]/C
  -------------------------------------------------------------------    -------------------
    SLICE_X3Y41          FDRE (Prop_fdre_C_Q)         0.419     5.920 r  u_mlp/output_mem_reg[9][8]/Q
                         net (fo=3, routed)           0.798     6.718    u_mlp/outputs[280]
    SLICE_X3Y41          LUT3 (Prop_lut3_I0_O)        0.297     7.015 r  u_mlp/tx_buf[46][7]_i_304/O
                         net (fo=2, routed)           0.646     7.660    u_mlp/tx_buf[46][7]_i_304_n_0
    SLICE_X1Y41          CARRY4 (Prop_carry4_DI[1]_O[2])
                                                      0.537     8.197 r  u_mlp/tx_buf_reg[46][7]_i_280/O[2]
                         net (fo=2, routed)           0.632     8.829    u_mlp/tx_buf_reg[46][7]_i_280_n_5
    SLICE_X4Y36          LUT3 (Prop_lut3_I2_O)        0.302     9.131 r  u_mlp/tx_buf[46][7]_i_270/O
                         net (fo=2, routed)           0.460     9.591    u_mlp/tx_buf[46][7]_i_270_n_0
    SLICE_X2Y36          LUT4 (Prop_lut4_I3_O)        0.124     9.715 r  u_mlp/tx_buf[46][7]_i_273/O
                         net (fo=1, routed)           0.000     9.715    u_mlp/tx_buf[46][7]_i_273_n_0
    SLICE_X2Y36          CARRY4 (Prop_carry4_S[3]_O[3])
                                                      0.255     9.970 r  u_mlp/tx_buf_reg[46][7]_i_108/O[3]
                         net (fo=2, routed)           0.709    10.679    u_mlp/tx_buf_reg[46][7]_i_108_n_4
    SLICE_X5Y38          LUT3 (Prop_lut3_I2_O)        0.307    10.986 r  u_mlp/tx_buf[46][7]_i_52/O
                         net (fo=2, routed)           0.616    11.602    u_mlp/tx_buf[46][7]_i_52_n_0
    SLICE_X4Y38          LUT4 (Prop_lut4_I3_O)        0.124    11.726 r  u_mlp/tx_buf[46][7]_i_56/O
                         net (fo=1, routed)           0.000    11.726    u_mlp/tx_buf[46][7]_i_56_n_0
    SLICE_X4Y38          CARRY4 (Prop_carry4_S[0]_O[1])
                                                      0.424    12.150 r  u_mlp/tx_buf_reg[46][7]_i_13/O[1]
                         net (fo=5, routed)           0.822    12.971    u_mlp/tx_buf_reg[46][7]_i_13_n_6
    SLICE_X10Y40         LUT3 (Prop_lut3_I1_O)        0.295    13.266 r  u_mlp/tx_buf[46][7]_i_11/O
                         net (fo=1, routed)           0.296    13.562    u_mlp/tx_buf[46][7]_i_11_n_0
    SLICE_X11Y39         LUT6 (Prop_lut6_I3_O)        0.328    13.890 r  u_mlp/tx_buf[46][7]_i_2/O
                         net (fo=2, routed)           0.502    14.391    u_mlp/tx_buf[46][7]_i_2_n_0
    SLICE_X10Y39         LUT6 (Prop_lut6_I0_O)        0.124    14.515 r  u_mlp/tx_buf[46][7]_i_6/O
                         net (fo=1, routed)           0.000    14.515    u_mlp/tx_buf[46][7]_i_6_n_0
    SLICE_X10Y39         CARRY4 (Prop_carry4_S[2]_O[3])
                                                      0.352    14.867 r  u_mlp/tx_buf_reg[46][7]_i_1/O[3]
                         net (fo=1, routed)           0.000    14.867    u_mlp_n_339
    SLICE_X10Y39         FDRE                                         r  tx_buf_reg[46][7]/D
  -------------------------------------------------------------------    -------------------

                         (clock sys_clk_pin rise edge)
                                                     10.000    10.000 r  <hidden>
    E3                                                0.000    10.000 r  clk
                         net (fo=0)                   0.000    10.000    clk
    E3                   IBUF (Prop_ibuf_I_O)         1.411    11.411 r  clk_IBUF_inst/O
                         net (fo=1, routed)           1.920    13.331    clk_IBUF
    BUFGCTRL_X0Y16       BUFG (Prop_bufg_I_O)         0.091    13.422 r  clk_IBUF_BUFG_inst/O
                         net (fo=4009, routed)        1.691    15.113    clk_IBUF_BUFG
    SLICE_X10Y39         FDRE                                         r  tx_buf_reg[46][7]/C
                         clock pessimism              0.267    15.381    <hidden>
                         clock uncertainty           -0.035    15.345    <hidden>
    SLICE_X10Y39         FDRE (Setup_fdre_C_D)        0.109    15.454    tx_buf_reg[46][7]
  -------------------------------------------------------------------
                         required time                         15.454    <hidden>
                         arrival time                         -14.867    <hidden>
  -------------------------------------------------------------------
                         slack                                  0.587    <hidden>





Min Delay Paths
--------------------------------------------------------------------------------------
Slack (MET) :             0.082ns  (arrival time - required time)
  Source:                 u_mlp/u_hls_core/grp_vakili_r1_p16_fu_56/reg_1640_reg[24]/C
                            (rising edge-triggered cell FDRE clocked by sys_clk_pin  {rise@0.000ns fall@5.000ns period=10.000ns})
  Destination:            u_mlp/u_hls_core/grp_vakili_r1_p16_fu_56/grp_vakili_r1_p16_Pipeline_layer2_inputs_fu_1421/add_i27_10109_fu_252_reg[24]/D
                            (rising edge-triggered cell FDRE clocked by sys_clk_pin  {rise@0.000ns fall@5.000ns period=10.000ns})
  Path Group:             sys_clk_pin
  Path Type:              Hold (Min at Fast Process Corner)
  Requirement:            0.000ns  (sys_clk_pin rise@0.000ns - sys_clk_pin rise@0.000ns)
  Data Path Delay:        0.452ns  (logic 0.256ns (56.685%)  route 0.196ns (43.315%))
  Logic Levels:           2  (CARRY4=1 LUT4=1)
  Clock Path Skew:        0.265ns (DCD - SCD - CPR)
    Destination Clock Delay (DCD):    2.063ns
    Source Clock Delay      (SCD):    1.544ns
    Clock Pessimism Removal (CPR):    0.254ns

    Location             Delay type                Incr(ns)  Path(ns)    Netlist Resource(s)
  -------------------------------------------------------------------    -------------------
                         (clock sys_clk_pin rise edge)
                                                      0.000     0.000 r  <hidden>
    E3                                                0.000     0.000 r  clk
                         net (fo=0)                   0.000     0.000    clk
    E3                   IBUF (Prop_ibuf_I_O)         0.250     0.250 r  clk_IBUF_inst/O
                         net (fo=1, routed)           0.644     0.894    clk_IBUF
    BUFGCTRL_X0Y16       BUFG (Prop_bufg_I_O)         0.026     0.920 r  clk_IBUF_BUFG_inst/O
                         net (fo=4009, routed)        0.624     1.544    u_mlp/u_hls_core/grp_vakili_r1_p16_fu_56/clk_IBUF_BUFG
    SLICE_X52Y32         FDRE                                         r  u_mlp/u_hls_core/grp_vakili_r1_p16_fu_56/reg_1640_reg[24]/C
  -------------------------------------------------------------------    -------------------
    SLICE_X52Y32         FDRE (Prop_fdre_C_Q)         0.141     1.685 r  u_mlp/u_hls_core/grp_vakili_r1_p16_fu_56/reg_1640_reg[24]/Q
                         net (fo=2, routed)           0.196     1.881    u_mlp/u_hls_core/grp_vakili_r1_p16_fu_56/grp_vakili_r1_p16_Pipeline_layer2_inputs_fu_1421/flow_control_loop_pipe_sequential_init_U/add_i27_10109_fu_252_reg[31][20]
    SLICE_X51Y33         LUT4 (Prop_lut4_I1_O)        0.045     1.926 r  u_mlp/u_hls_core/grp_vakili_r1_p16_fu_56/grp_vakili_r1_p16_Pipeline_layer2_inputs_fu_1421/flow_control_loop_pipe_sequential_init_U/add_i27_10109_fu_252[24]_i_9/O
                         net (fo=1, routed)           0.000     1.926    u_mlp/u_hls_core/grp_vakili_r1_p16_fu_56/grp_vakili_r1_p16_Pipeline_layer2_inputs_fu_1421/flow_control_loop_pipe_sequential_init_U/add_i27_10109_fu_252[24]_i_9_n_0
    SLICE_X51Y33         CARRY4 (Prop_carry4_S[0]_O[0])
                                                      0.070     1.996 r  u_mlp/u_hls_core/grp_vakili_r1_p16_fu_56/grp_vakili_r1_p16_Pipeline_layer2_inputs_fu_1421/flow_control_loop_pipe_sequential_init_U/add_i27_10109_fu_252_reg[24]_i_1/O[0]
                         net (fo=1, routed)           0.000     1.996    u_mlp/u_hls_core/grp_vakili_r1_p16_fu_56/grp_vakili_r1_p16_Pipeline_layer2_inputs_fu_1421/flow_control_loop_pipe_sequential_init_U_n_182
    SLICE_X51Y33         FDRE                                         r  u_mlp/u_hls_core/grp_vakili_r1_p16_fu_56/grp_vakili_r1_p16_Pipeline_layer2_inputs_fu_1421/add_i27_10109_fu_252_reg[24]/D
  -------------------------------------------------------------------    -------------------

                         (clock sys_clk_pin rise edge)
                                                      0.000     0.000 r  <hidden>
    E3                                                0.000     0.000 r  clk
                         net (fo=0)                   0.000     0.000    clk
    E3                   IBUF (Prop_ibuf_I_O)         0.438     0.438 r  clk_IBUF_inst/O
                         net (fo=1, routed)           0.699     1.136    clk_IBUF
    BUFGCTRL_X0Y16       BUFG (Prop_bufg_I_O)         0.029     1.165 r  clk_IBUF_BUFG_inst/O
                         net (fo=4009, routed)        0.898     2.063    u_mlp/u_hls_core/grp_vakili_r1_p16_fu_56/grp_vakili_r1_p16_Pipeline_layer2_inputs_fu_1421/clk_IBUF_BUFG
    SLICE_X51Y33         FDRE                                         r  u_mlp/u_hls_core/grp_vakili_r1_p16_fu_56/grp_vakili_r1_p16_Pipeline_layer2_inputs_fu_1421/add_i27_10109_fu_252_reg[24]/C
                         clock pessimism             -0.254     1.809    <hidden>
    SLICE_X51Y33         FDRE (Hold_fdre_C_D)         0.105     1.914    u_mlp/u_hls_core/grp_vakili_r1_p16_fu_56/grp_vakili_r1_p16_Pipeline_layer2_inputs_fu_1421/add_i27_10109_fu_252_reg[24]
  -------------------------------------------------------------------
                         required time                         -1.914    <hidden>
                         arrival time                           1.996    <hidden>
  -------------------------------------------------------------------
                         slack                                  0.082    <hidden>





Pulse Width Checks
--------------------------------------------------------------------------------------
Clock Name:         sys_clk_pin
Waveform(ns):       { 0.000 5.000 }
Period(ns):         10.000
Sources:            { clk }

Check Type        Corner  Lib Pin             Reference Pin  Required(ns)  Actual(ns)  Slack(ns)  Location      Pin
Min Period        n/a     RAMB18E1/CLKARDCLK  n/a            2.944         10.000      7.056      RAMB18_X0Y12  u_mlp/u_bias_ram0/ram_reg/CLKARDCLK
Low Pulse Width   Slow    RAMS32/CLK          n/a            1.250         5.000       3.750      SLICE_X42Y24  u_mlp/u_hls_core/grp_vakili_r1_p16_fu_56/hidden1_10_U/ram_reg_0_3_0_0/SP/CLK
High Pulse Width  Slow    RAMS32/CLK          n/a            1.250         5.000       3.750      SLICE_X42Y24  u_mlp/u_hls_core/grp_vakili_r1_p16_fu_56/hidden1_10_U/ram_reg_0_3_0_0/SP/CLK




