Copyright 1986-2022 Xilinx, Inc. All Rights Reserved. Copyright 2022-2026 Advanced Micro Devices, Inc. All Rights Reserved.
---------------------------------------------------------------------------------------------------------------------------------------------
| Tool Version : Vivado v.2026.1 (win64) Build 6511674 Tue Jun 16 11:02:23 MDT 2026
| Date         : Fri Jul 17 08:37:25 2026
| Host         : Zeneca running 64-bit major release  (build 9200)
| Command      : report_timing_summary -return_string
| Design       : tiny_mlp_ethernet_top
| Device       : 7a100t-csg324
| Speed File   : -1  PRODUCTION 1.23 2018-06-13
| Design State : Routed
---------------------------------------------------------------------------------------------------------------------------------------------

Timing Summary Report

------------------------------------------------------------------------------------------------
| Timer Settings
| --------------
------------------------------------------------------------------------------------------------

  Enable Multi Corner Analysis               :  Yes
  Enable Pessimism Removal                   :  Yes
  Pessimism Removal Resolution               :  Nearest Common Node
  Enable Input Delay Default Clock           :  No
  Enable Preset / Clear Arcs                 :  No
  Disable Flight Delays                      :  No
  Ignore I/O Paths                           :  No
  Timing Early Launch at Borrowing Latches   :  No
  Borrow Time for Max Delay Exceptions       :  Yes
  Merge Timing Exceptions                    :  Yes
  Inter-SLR Compensation                     :  Conservative

  Corner  Analyze    Analyze    
  Name    Max Paths  Min Paths  
  ------  ---------  ---------  
  Slow    Yes        Yes        
  Fast    Yes        Yes        


------------------------------------------------------------------------------------------------
| Report Methodology
| ------------------
------------------------------------------------------------------------------------------------

Rule       Severity  Description                                 Violations  
---------  --------  ------------------------------------------  ----------  
SYNTH-6    Warning   Timing of a RAM block might be sub-optimal  19          
TIMING-18  Warning   Missing input or output delay               8           

Note: This report is based on the most recent report_methodology run and may not be up-to-date. Run report_methodology on the current design for the latest report.



check_timing report

Table of Contents
-----------------
1. checking no_clock (0)
2. checking constant_clock (0)
3. checking pulse_width_clock (0)
4. checking unconstrained_internal_endpoints (0)
5. checking no_input_delay (1)
6. checking no_output_delay (4)
7. checking multiple_clock (0)
8. checking generated_clocks (0)
9. checking loops (0)
10. checking partial_input_delay (0)
11. checking partial_output_delay (0)
12. checking latch_loops (0)

1. checking no_clock (0)
------------------------
 There are 0 register/latch pins with no clock.


2. checking constant_clock (0)
------------------------------
 There are 0 register/latch pins with constant_clock.


3. checking pulse_width_clock (0)
---------------------------------
 There are 0 register/latch pins which need pulse_width check


4. checking unconstrained_internal_endpoints (0)
------------------------------------------------
 There are 0 pins that are not constrained for maximum delay.

 There are 0 pins that are not constrained for maximum delay due to constant clock.


5. checking no_input_delay (1)
------------------------------
 There is 1 input port with no input delay specified. (HIGH)

 There are 0 input ports with no input delay but user has a false path constraint.


6. checking no_output_delay (4)
-------------------------------
 There are 3 ports with no output delay specified. (HIGH)

 There are 0 ports with no output delay but user has a false path constraint

 There is 1 port with no output delay but with a timing clock defined on it or propagating through it (LOW)


7. checking multiple_clock (0)
------------------------------
 There are 0 register/latch pins with multiple clocks.


8. checking generated_clocks (0)
--------------------------------
 There are 0 generated clocks that are not connected to a clock source.


9. checking loops (0)
---------------------
 There are 0 combinational loops in the design.


10. checking partial_input_delay (0)
------------------------------------
 There are 0 input ports with partial input delay specified.


11. checking partial_output_delay (0)
-------------------------------------
 There are 0 ports with partial output delay specified.


12. checking latch_loops (0)
----------------------------
 There are 0 combinational latch loops in the design through latch input



------------------------------------------------------------------------------------------------
| Design Timing Summary
| ---------------------
------------------------------------------------------------------------------------------------

    WNS(ns)      TNS(ns)  TNS Failing Endpoints  TNS Total Endpoints      WHS(ns)      THS(ns)  THS Failing Endpoints  THS Total Endpoints     WPWS(ns)     TPWS(ns)  TPWS Failing Endpoints  TPWS Total Endpoints  
    -------      -------  ---------------------  -------------------      -------      -------  ---------------------  -------------------     --------     --------  ----------------------  --------------------  
      0.173        0.000                      0                12839        0.025        0.000                      0                12836        3.750        0.000                       0                  5237  


All user specified timing constraints are met.


------------------------------------------------------------------------------------------------
| Clock Summary
| -------------
------------------------------------------------------------------------------------------------

Clock            Waveform(ns)       Period(ns)      Frequency(MHz)
-----            ------------       ----------      --------------
rmii_io_virtual  {0.000 10.000}     20.000          50.000          
sys_clk          {0.000 5.000}      10.000          100.000         
  rmii_ref_clk   {0.000 10.000}     20.000          50.000          


------------------------------------------------------------------------------------------------
| Intra Clock Table
| -----------------
------------------------------------------------------------------------------------------------

Clock             WNS(ns)      TNS(ns)  TNS Failing Endpoints  TNS Total Endpoints      WHS(ns)      THS(ns)  THS Failing Endpoints  THS Total Endpoints     WPWS(ns)     TPWS(ns)  TPWS Failing Endpoints  TPWS Total Endpoints  
-----             -------      -------  ---------------------  -------------------      -------      -------  ---------------------  -------------------     --------     --------  ----------------------  --------------------  
sys_clk             0.173        0.000                      0                12832        0.025        0.000                      0                12832        3.750        0.000                       0                  5237  


------------------------------------------------------------------------------------------------
| Inter Clock Table
| -----------------
------------------------------------------------------------------------------------------------

From Clock       To Clock             WNS(ns)      TNS(ns)  TNS Failing Endpoints  TNS Total Endpoints      WHS(ns)      THS(ns)  THS Failing Endpoints  THS Total Endpoints  
----------       --------             -------      -------  ---------------------  -------------------      -------      -------  ---------------------  -------------------  
rmii_io_virtual  sys_clk                2.325        0.000                      0                    4        9.500        0.000                      0                    4  
sys_clk          rmii_ref_clk           5.347        0.000                      0                    3                                                                        


------------------------------------------------------------------------------------------------
| Other Path Groups Table
| -----------------------
------------------------------------------------------------------------------------------------

Path Group    From Clock    To Clock          WNS(ns)      TNS(ns)  TNS Failing Endpoints  TNS Total Endpoints      WHS(ns)      THS(ns)  THS Failing Endpoints  THS Total Endpoints  
----------    ----------    --------          -------      -------  ---------------------  -------------------      -------      -------  ---------------------  -------------------  


------------------------------------------------------------------------------------------------
| Timing Details
| --------------
------------------------------------------------------------------------------------------------


---------------------------------------------------------------------------------------------------
From Clock:  sys_clk
  To Clock:  sys_clk

Setup :            0  Failing Endpoints,  Worst Slack        0.173ns,  Total Violation        0.000ns
Hold  :            0  Failing Endpoints,  Worst Slack        0.025ns,  Total Violation        0.000ns
PW    :            0  Failing Endpoints,  Worst Slack        3.750ns,  Total Violation        0.000ns
---------------------------------------------------------------------------------------------------


Max Delay Paths
--------------------------------------------------------------------------------------
Slack (MET) :             0.173ns  (required time - arrival time)
  Source:                 u_ethernet/rx_frame_index_reg[4]/C
                            (rising edge-triggered cell FDRE clocked by sys_clk  {rise@0.000ns fall@5.000ns period=10.000ns})
  Destination:            u_ethernet/bias_wdata_reg[0]/CE
                            (rising edge-triggered cell FDRE clocked by sys_clk  {rise@0.000ns fall@5.000ns period=10.000ns})
  Path Group:             sys_clk
  Path Type:              Setup (Max at Slow Process Corner)
  Requirement:            10.000ns  (sys_clk rise@10.000ns - sys_clk rise@0.000ns)
  Data Path Delay:        9.560ns  (logic 4.939ns (51.666%)  route 4.621ns (48.334%))
  Logic Levels:           16  (CARRY4=8 LUT1=1 LUT2=3 LUT5=2 LUT6=2)
  Clock Path Skew:        -0.027ns (DCD - SCD + CPR)
    Destination Clock Delay (DCD):    5.182ns = ( 15.182 - 10.000 ) 
    Source Clock Delay      (SCD):    5.494ns
    Clock Pessimism Removal (CPR):    0.284ns
  Clock Uncertainty:      0.035ns  ((TSJ^2 + TIJ^2)^1/2 + DJ) / 2 + PE
    Total System Jitter     (TSJ):    0.071ns
    Total Input Jitter      (TIJ):    0.000ns
    Discrete Jitter          (DJ):    0.000ns
    Phase Error              (PE):    0.000ns

    Location             Delay type                Incr(ns)  Path(ns)    Netlist Resource(s)
  -------------------------------------------------------------------    -------------------
                         (clock sys_clk rise edge)    0.000     0.000 r  <hidden>
    E3                                                0.000     0.000 r  clk
                         net (fo=0)                   0.000     0.000    clk
    E3                   IBUF (Prop_ibuf_I_O)         1.482     1.482 r  clk_IBUF_inst/O
                         net (fo=1, routed)           2.025     3.506    clk_IBUF
    BUFGCTRL_X0Y16       BUFG (Prop_bufg_I_O)         0.096     3.602 r  clk_IBUF_BUFG_inst/O
                         net (fo=5236, routed)        1.891     5.494    u_ethernet/clk_IBUF_BUFG
    SLICE_X4Y157         FDRE                                         r  u_ethernet/rx_frame_index_reg[4]/C
  -------------------------------------------------------------------    -------------------
    SLICE_X4Y157         FDRE (Prop_fdre_C_Q)         0.456     5.950 r  u_ethernet/rx_frame_index_reg[4]/Q
                         net (fo=63, routed)          0.931     6.881    u_ethernet/rx_frame_index_reg_n_0_[4]
    SLICE_X2Y157         LUT6 (Prop_lut6_I4_O)        0.124     7.005 r  u_ethernet/input_waddr[9]_i_4/O
                         net (fo=33, routed)          0.265     7.270    u_ethernet/input_waddr[9]_i_4_n_0
    SLICE_X2Y157         LUT5 (Prop_lut5_I3_O)        0.124     7.394 f  u_ethernet/bias_waddr[3]_i_2/O
                         net (fo=92, routed)          0.501     7.895    u_ethernet/bias_waddr[3]_i_2_n_0
    SLICE_X3Y158         LUT1 (Prop_lut1_I0_O)        0.124     8.019 r  u_ethernet/bias_waddr[6]_i_143/O
                         net (fo=1, routed)           0.000     8.019    u_ethernet/bias_waddr[6]_i_143_n_0
    SLICE_X3Y158         CARRY4 (Prop_carry4_S[1]_CO[3])
                                                      0.550     8.569 r  u_ethernet/bias_waddr_reg[6]_i_126/CO[3]
                         net (fo=1, routed)           0.000     8.569    u_ethernet/bias_waddr_reg[6]_i_126_n_0
    SLICE_X3Y159         CARRY4 (Prop_carry4_CI_CO[3])
                                                      0.114     8.683 r  u_ethernet/bias_waddr_reg[6]_i_125/CO[3]
                         net (fo=1, routed)           0.000     8.683    u_ethernet/bias_waddr_reg[6]_i_125_n_0
    SLICE_X3Y160         CARRY4 (Prop_carry4_CI_O[3])
                                                      0.313     8.996 f  u_ethernet/bias_waddr_reg[6]_i_108/O[3]
                         net (fo=1, routed)           0.556     9.552    u_ethernet/bias_we6[24]
    SLICE_X0Y161         LUT2 (Prop_lut2_I0_O)        0.306     9.858 r  u_ethernet/bias_waddr[6]_i_85/O
                         net (fo=1, routed)           0.000     9.858    u_ethernet/bias_waddr[6]_i_85_n_0
    SLICE_X0Y161         CARRY4 (Prop_carry4_S[1]_CO[3])
                                                      0.550    10.408 r  u_ethernet/bias_waddr_reg[6]_i_66/CO[3]
                         net (fo=1, routed)           0.000    10.408    u_ethernet/bias_waddr_reg[6]_i_66_n_0
    SLICE_X0Y162         CARRY4 (Prop_carry4_CI_O[1])
                                                      0.334    10.742 r  u_ethernet/bias_waddr_reg[6]_i_47/O[1]
                         net (fo=1, routed)           0.412    11.155    u_ethernet/bias_we4[26]
    SLICE_X1Y161         LUT2 (Prop_lut2_I0_O)        0.303    11.458 r  u_ethernet/bias_waddr[6]_i_43/O
                         net (fo=1, routed)           0.000    11.458    u_ethernet/bias_we3[26]
    SLICE_X1Y161         CARRY4 (Prop_carry4_S[2]_CO[3])
                                                      0.398    11.856 r  u_ethernet/bias_waddr_reg[6]_i_30/CO[3]
                         net (fo=1, routed)           0.000    11.856    u_ethernet/bias_waddr_reg[6]_i_30_n_0
    SLICE_X1Y162         CARRY4 (Prop_carry4_CI_O[3])
                                                      0.313    12.169 f  u_ethernet/bias_waddr_reg[6]_i_16/O[3]
                         net (fo=2, routed)           0.617    12.786    u_ethernet/bias_we2[31]
    SLICE_X2Y162         LUT2 (Prop_lut2_I0_O)        0.306    13.092 r  u_ethernet/bias_waddr[6]_i_17/O
                         net (fo=1, routed)           0.000    13.092    u_ethernet/bias_waddr[6]_i_17_n_0
    SLICE_X2Y162         CARRY4 (Prop_carry4_S[3]_CO[3])
                                                      0.376    13.468 r  u_ethernet/bias_waddr_reg[6]_i_11/CO[3]
                         net (fo=1, routed)           0.753    14.221    u_ethernet/bias_we1
    SLICE_X5Y162         LUT5 (Prop_lut5_I4_O)        0.124    14.345 f  u_ethernet/bias_waddr[6]_i_5/O
                         net (fo=2, routed)           0.163    14.507    u_ethernet/bias_waddr[6]_i_5_n_0
    SLICE_X5Y162         LUT6 (Prop_lut6_I2_O)        0.124    14.631 r  u_ethernet/bias_waddr[6]_i_1/O
                         net (fo=39, routed)          0.422    15.053    u_ethernet/bias_waddr[6]_i_1_n_0
    SLICE_X7Y161         FDRE                                         r  u_ethernet/bias_wdata_reg[0]/CE
  -------------------------------------------------------------------    -------------------

                         (clock sys_clk rise edge)   10.000    10.000 r  <hidden>
    E3                                                0.000    10.000 r  clk
                         net (fo=0)                   0.000    10.000    clk
    E3                   IBUF (Prop_ibuf_I_O)         1.411    11.411 r  clk_IBUF_inst/O
                         net (fo=1, routed)           1.920    13.331    clk_IBUF
    BUFGCTRL_X0Y16       BUFG (Prop_bufg_I_O)         0.091    13.422 r  clk_IBUF_BUFG_inst/O
                         net (fo=5236, routed)        1.760    15.182    u_ethernet/clk_IBUF_BUFG
    SLICE_X7Y161         FDRE                                         r  u_ethernet/bias_wdata_reg[0]/C
                         clock pessimism              0.284    15.467    <hidden>
                         clock uncertainty           -0.035    15.431    <hidden>
    SLICE_X7Y161         FDRE (Setup_fdre_C_CE)      -0.205    15.226    u_ethernet/bias_wdata_reg[0]
  -------------------------------------------------------------------
                         required time                         15.226    <hidden>
                         arrival time                         -15.053    <hidden>
  -------------------------------------------------------------------
                         slack                                  0.173    <hidden>





Min Delay Paths
--------------------------------------------------------------------------------------
Slack (MET) :             0.025ns  (arrival time - required time)
  Source:                 u_ethernet/tx_outputs_reg[100]/C
                            (rising edge-triggered cell FDRE clocked by sys_clk  {rise@0.000ns fall@5.000ns period=10.000ns})
  Destination:            u_ethernet/tx_buffer_reg[77][4]/D
                            (rising edge-triggered cell FDRE clocked by sys_clk  {rise@0.000ns fall@5.000ns period=10.000ns})
  Path Group:             sys_clk
  Path Type:              Hold (Min at Fast Process Corner)
  Requirement:            0.000ns  (sys_clk rise@0.000ns - sys_clk rise@0.000ns)
  Data Path Delay:        0.360ns  (logic 0.141ns (39.214%)  route 0.219ns (60.786%))
  Logic Levels:           0  
  Clock Path Skew:        0.265ns (DCD - SCD - CPR)
    Destination Clock Delay (DCD):    2.069ns
    Source Clock Delay      (SCD):    1.550ns
    Clock Pessimism Removal (CPR):    0.255ns

    Location             Delay type                Incr(ns)  Path(ns)    Netlist Resource(s)
  -------------------------------------------------------------------    -------------------
                         (clock sys_clk rise edge)    0.000     0.000 r  <hidden>
    E3                                                0.000     0.000 r  clk
                         net (fo=0)                   0.000     0.000    clk
    E3                   IBUF (Prop_ibuf_I_O)         0.250     0.250 r  clk_IBUF_inst/O
                         net (fo=1, routed)           0.644     0.894    clk_IBUF
    BUFGCTRL_X0Y16       BUFG (Prop_bufg_I_O)         0.026     0.920 r  clk_IBUF_BUFG_inst/O
                         net (fo=5236, routed)        0.630     1.550    u_ethernet/clk_IBUF_BUFG
    SLICE_X53Y171        FDRE                                         r  u_ethernet/tx_outputs_reg[100]/C
  -------------------------------------------------------------------    -------------------
    SLICE_X53Y171        FDRE (Prop_fdre_C_Q)         0.141     1.691 r  u_ethernet/tx_outputs_reg[100]/Q
                         net (fo=1, routed)           0.219     1.909    u_ethernet/buffer_value[77]_out[4]
    SLICE_X49Y172        FDRE                                         r  u_ethernet/tx_buffer_reg[77][4]/D
  -------------------------------------------------------------------    -------------------

                         (clock sys_clk rise edge)    0.000     0.000 r  <hidden>
    E3                                                0.000     0.000 r  clk
                         net (fo=0)                   0.000     0.000    clk
    E3                   IBUF (Prop_ibuf_I_O)         0.438     0.438 r  clk_IBUF_inst/O
                         net (fo=1, routed)           0.699     1.136    clk_IBUF
    BUFGCTRL_X0Y16       BUFG (Prop_bufg_I_O)         0.029     1.165 r  clk_IBUF_BUFG_inst/O
                         net (fo=5236, routed)        0.904     2.069    u_ethernet/clk_IBUF_BUFG
    SLICE_X49Y172        FDRE                                         r  u_ethernet/tx_buffer_reg[77][4]/C
                         clock pessimism             -0.255     1.815    <hidden>
    SLICE_X49Y172        FDRE (Hold_fdre_C_D)         0.070     1.885    u_ethernet/tx_buffer_reg[77][4]
  -------------------------------------------------------------------
                         required time                         -1.885    <hidden>
                         arrival time                           1.909    <hidden>
  -------------------------------------------------------------------
                         slack                                  0.025    <hidden>





Pulse Width Checks
--------------------------------------------------------------------------------------
Clock Name:         sys_clk
Waveform(ns):       { 0.000 5.000 }
Period(ns):         10.000
Sources:            { clk }

Check Type        Corner  Lib Pin             Reference Pin  Required(ns)  Actual(ns)  Slack(ns)  Location      Pin
Min Period        n/a     RAMB18E1/CLKARDCLK  n/a            2.944         10.000      7.056      RAMB18_X0Y62  u_mlp/u_bias_ram0/ram_reg/CLKARDCLK
Low Pulse Width   Slow    RAMS32/CLK          n/a            1.250         5.000       3.750      SLICE_X6Y148  u_mlp/u_hls_core/grp_vakili_r1_p16_fu_56/hidden1_10_U/ram_reg_0_3_0_0/SP/CLK
High Pulse Width  Slow    RAMS32/CLK          n/a            1.250         5.000       3.750      SLICE_X6Y148  u_mlp/u_hls_core/grp_vakili_r1_p16_fu_56/hidden1_10_U/ram_reg_0_3_0_0/SP/CLK



---------------------------------------------------------------------------------------------------
From Clock:  rmii_io_virtual
  To Clock:  sys_clk

Setup :            0  Failing Endpoints,  Worst Slack        2.325ns,  Total Violation        0.000ns
Hold  :            0  Failing Endpoints,  Worst Slack        9.500ns,  Total Violation        0.000ns
---------------------------------------------------------------------------------------------------


Max Delay Paths
--------------------------------------------------------------------------------------
Slack (MET) :             2.325ns  (required time - arrival time)
  Source:                 eth_crsdv
                            (input port clocked by rmii_io_virtual  {rise@0.000ns fall@10.000ns period=20.000ns})
  Destination:            rmii_crsdv_input_reg/D
                            (rising edge-triggered cell FDRE clocked by sys_clk  {rise@0.000ns fall@5.000ns period=10.000ns})
  Path Group:             sys_clk
  Path Type:              Setup (Max at Fast Process Corner)
  Requirement:            20.000ns  (sys_clk rise@20.000ns - rmii_io_virtual rise@0.000ns)
  Data Path Delay:        1.199ns  (logic 0.443ns (36.964%)  route 0.756ns (63.036%))
  Logic Levels:           1  (IBUF=1)
  Input Delay:            18.000ns
  Clock Path Skew:        1.592ns (DCD - SCD + CPR)
    Destination Clock Delay (DCD):    1.592ns = ( 11.592 - 10.000 ) 
    Source Clock Delay      (SCD):    0.000ns
    Clock Pessimism Removal (CPR):    0.000ns
  Clock Uncertainty:      0.025ns  ((TSJ^2 + TIJ^2)^1/2 + DJ) / 2 + PE
    Total System Jitter     (TSJ):    0.050ns
    Total Input Jitter      (TIJ):    0.000ns
    Discrete Jitter          (DJ):    0.000ns
    Phase Error              (PE):    0.000ns
  Timing Exception:       MultiCycle Path   Setup -end   2
  Clock Domain Crossing:  Inter clock paths are considered valid unless explicitly excluded by timing constraints such as set_clock_groups or set_false_path.

    Location             Delay type                Incr(ns)  Path(ns)    Netlist Resource(s)
  -------------------------------------------------------------------    -------------------
                         (clock rmii_io_virtual rise edge)
                                                      0.000     0.000 r  <hidden>
                         ideal clock network latency
                                                      0.000     0.000    <hidden>
                         input delay                 18.000    18.000    <hidden>
    D9                                                0.000    18.000 r  eth_crsdv
                         net (fo=0)                   0.000    18.000    eth_crsdv
    D9                   IBUF (Prop_ibuf_I_O)         0.443    18.443 r  eth_crsdv_IBUF_inst/O
                         net (fo=1, routed)           0.756    19.199    eth_crsdv_IBUF
    SLICE_X2Y169         FDRE                                         r  rmii_crsdv_input_reg/D
  -------------------------------------------------------------------    -------------------

                         (clock sys_clk rise edge)   20.000    20.000 r  <hidden>
    E3                                                0.000    20.000 r  clk
                         net (fo=0)                   0.000    20.000    clk
    E3                   IBUF (Prop_ibuf_I_O)         0.250    20.250 r  clk_IBUF_inst/O
                         net (fo=1, routed)           0.644    20.894    clk_IBUF
    BUFGCTRL_X0Y16       BUFG (Prop_bufg_I_O)         0.026    20.920 r  clk_IBUF_BUFG_inst/O
                         net (fo=5236, routed)        0.672    21.592    clk_IBUF_BUFG
    SLICE_X2Y169         FDRE                                         r  rmii_crsdv_input_reg/C
                         clock pessimism              0.000    21.592    <hidden>
                         clock uncertainty           -0.025    21.567    <hidden>
    SLICE_X2Y169         FDRE (Setup_fdre_C_D)       -0.043    21.524    rmii_crsdv_input_reg
  -------------------------------------------------------------------
                         required time                         21.524    <hidden>
                         arrival time                         -19.199    <hidden>
  -------------------------------------------------------------------
                         slack                                  2.325    <hidden>





Min Delay Paths
--------------------------------------------------------------------------------------
Slack (MET) :             9.500ns  (arrival time - required time)
  Source:                 eth_rxerr
                            (input port clocked by rmii_io_virtual  {rise@0.000ns fall@10.000ns period=20.000ns})
  Destination:            rmii_rxerr_input_reg/D
                            (rising edge-triggered cell FDRE clocked by sys_clk  {rise@0.000ns fall@5.000ns period=10.000ns})
  Path Group:             sys_clk
  Path Type:              Hold (Min at Slow Process Corner)
  Requirement:            -10.000ns  (sys_clk rise@10.000ns - rmii_io_virtual rise@20.000ns)
  Data Path Delay:        2.241ns  (logic 1.441ns (64.308%)  route 0.800ns (35.692%))
  Logic Levels:           1  (IBUF=1)
  Input Delay:            3.000ns
  Clock Path Skew:        5.484ns (DCD - SCD - CPR)
    Destination Clock Delay (DCD):    5.484ns
    Source Clock Delay      (SCD):    0.000ns
    Clock Pessimism Removal (CPR):    -0.000ns
  Clock Uncertainty:      0.025ns  ((TSJ^2 + TIJ^2)^1/2 + DJ) / 2 + PE
    Total System Jitter     (TSJ):    0.050ns
    Total Input Jitter      (TIJ):    0.000ns
    Discrete Jitter          (DJ):    0.000ns
    Phase Error              (PE):    0.000ns
  Timing Exception:       MultiCycle Path   Setup -end   2    Hold  -start 1
  Clock Domain Crossing:  Inter clock paths are considered valid unless explicitly excluded by timing constraints such as set_clock_groups or set_false_path.

    Location             Delay type                Incr(ns)  Path(ns)    Netlist Resource(s)
  -------------------------------------------------------------------    -------------------
                         (clock rmii_io_virtual rise edge)
                                                     20.000    20.000 r  <hidden>
                         ideal clock network latency
                                                      0.000    20.000    <hidden>
                         input delay                  3.000    23.000    <hidden>
    C10                                               0.000    23.000 r  eth_rxerr
                         net (fo=0)                   0.000    23.000    eth_rxerr
    C10                  IBUF (Prop_ibuf_I_O)         1.441    24.441 r  eth_rxerr_IBUF_inst/O
                         net (fo=1, routed)           0.800    25.241    eth_rxerr_IBUF
    SLICE_X2Y169         FDRE                                         r  rmii_rxerr_input_reg/D
  -------------------------------------------------------------------    -------------------

                         (clock sys_clk rise edge)   10.000    10.000 r  <hidden>
    E3                                                0.000    10.000 r  clk
                         net (fo=0)                   0.000    10.000    clk
    E3                   IBUF (Prop_ibuf_I_O)         1.482    11.482 r  clk_IBUF_inst/O
                         net (fo=1, routed)           2.025    13.506    clk_IBUF
    BUFGCTRL_X0Y16       BUFG (Prop_bufg_I_O)         0.096    13.602 r  clk_IBUF_BUFG_inst/O
                         net (fo=5236, routed)        1.881    15.484    clk_IBUF_BUFG
    SLICE_X2Y169         FDRE                                         r  rmii_rxerr_input_reg/C
                         clock pessimism              0.000    15.484    <hidden>
                         clock uncertainty            0.025    15.509    <hidden>
    SLICE_X2Y169         FDRE (Hold_fdre_C_D)         0.232    15.741    rmii_rxerr_input_reg
  -------------------------------------------------------------------
                         required time                        -15.741    <hidden>
                         arrival time                          25.241    <hidden>
  -------------------------------------------------------------------
                         slack                                  9.500    <hidden>





---------------------------------------------------------------------------------------------------
From Clock:  sys_clk
  To Clock:  rmii_ref_clk

Setup :            0  Failing Endpoints,  Worst Slack        5.347ns,  Total Violation        0.000ns
Hold  :           NA  Failing Endpoints,  Worst Slack           NA  ,  Total Violation           NA
---------------------------------------------------------------------------------------------------


Max Delay Paths
--------------------------------------------------------------------------------------
Slack (MET) :             5.347ns  (required time - arrival time)
  Source:                 u_ethernet/eth_txd_reg[1]/C
                            (rising edge-triggered cell FDRE clocked by sys_clk  {rise@0.000ns fall@5.000ns period=10.000ns})
  Destination:            eth_txd[1]
                            (output port clocked by rmii_ref_clk  {rise@0.000ns fall@10.000ns period=20.000ns})
  Path Group:             rmii_ref_clk
  Path Type:              Max at Fast Process Corner
  Requirement:            10.000ns  (rmii_ref_clk rise@20.000ns - sys_clk rise@10.000ns)
  Data Path Delay:        1.614ns  (logic 1.613ns (99.938%)  route 0.001ns (0.062%))
  Logic Levels:           1  (OBUF=1)
  Output Delay:           4.000ns
  Clock Path Skew:        0.996ns (DCD - SCD + CPR)
    Destination Clock Delay (DCD):    2.851ns = ( 22.851 - 20.000 ) 
    Source Clock Delay      (SCD):    2.105ns = ( 12.105 - 10.000 ) 
    Clock Pessimism Removal (CPR):    0.250ns
  Clock Uncertainty:      0.035ns  ((TSJ^2 + TIJ^2)^1/2 + DJ) / 2 + PE
    Total System Jitter     (TSJ):    0.071ns
    Total Input Jitter      (TIJ):    0.000ns
    Discrete Jitter          (DJ):    0.000ns
    Phase Error              (PE):    0.000ns

    Location             Delay type                Incr(ns)  Path(ns)    Netlist Resource(s)
  -------------------------------------------------------------------    -------------------
                         (clock sys_clk rise edge)   10.000    10.000 r  <hidden>
    E3                                                0.000    10.000 r  clk
                         net (fo=0)                   0.000    10.000    clk
    E3                   IBUF (Prop_ibuf_I_O)         0.438    10.438 r  clk_IBUF_inst/O
                         net (fo=1, routed)           0.699    11.136    clk_IBUF
    BUFGCTRL_X0Y16       BUFG (Prop_bufg_I_O)         0.029    11.165 r  clk_IBUF_BUFG_inst/O
                         net (fo=5236, routed)        0.940    12.105    u_ethernet/clk_IBUF_BUFG
    OLOGIC_X0Y175        FDRE                                         r  u_ethernet/eth_txd_reg[1]/C
  -------------------------------------------------------------------    -------------------
    OLOGIC_X0Y175        FDRE (Prop_fdre_C_Q)         0.204    12.309 r  u_ethernet/eth_txd_reg[1]/Q
                         net (fo=1, routed)           0.001    12.310    eth_txd_OBUF[1]
    A8                   OBUF (Prop_obuf_I_O)         1.409    13.720 r  eth_txd_OBUF[1]_inst/O
                         net (fo=0)                   0.000    13.720    eth_txd[1]
    A8                                                                r  eth_txd[1]
  -------------------------------------------------------------------    -------------------

                         (clock rmii_ref_clk rise edge)
                                                     20.000    20.000 f  <hidden>
    E3                                                0.000    20.000 f  clk
                         net (fo=0)                   0.000    20.000    clk
    E3                   IBUF (Prop_ibuf_I_O)         0.250    20.250 f  clk_IBUF_inst/O
                         net (fo=1, routed)           0.644    20.894    clk_IBUF
    BUFGCTRL_X0Y16       BUFG (Prop_bufg_I_O)         0.026    20.920 f  clk_IBUF_BUFG_inst/O
                         net (fo=5236, routed)        0.586    21.505    clk_IBUF_BUFG
    OLOGIC_X1Y128        ODDR (Prop_oddr_C_Q)         0.177    21.682 r  u_refclk_forward/Q
                         net (fo=1, routed)           0.001    21.683    eth_refclk_OBUF
    D5                   OBUF (Prop_obuf_I_O)         1.168    22.851 r  eth_refclk_OBUF_inst/O
                         net (fo=0)                   0.000    22.851    eth_refclk
    D5                                                                r  eth_refclk
                         clock pessimism              0.250    23.102    <hidden>
                         clock uncertainty           -0.035    23.066    <hidden>
                         output delay                -4.000    19.066    <hidden>
  -------------------------------------------------------------------
                         required time                         19.066    <hidden>
                         arrival time                         -13.720    <hidden>
  -------------------------------------------------------------------
                         slack                                  5.347    <hidden>






