Copyright 1986-2022 Xilinx, Inc. All Rights Reserved. Copyright 2022-2026 Advanced Micro Devices, Inc. All Rights Reserved.
---------------------------------------------------------------------------------------------------------------------------------------------
| Tool Version : Vivado v.2026.1 (win64) Build 6511674 Tue Jun 16 11:02:23 MDT 2026
| Date         : Fri Jul 17 08:42:57 2026
| Host         : Zeneca running 64-bit major release  (build 9200)
| Command      : report_timing_summary -return_string
| Design       : tiny_mlp_uart_top
| Device       : 7a100t-csg324
| Speed File   : -1  PRODUCTION 1.23 2018-06-13
| Design State : Routed
---------------------------------------------------------------------------------------------------------------------------------------------

Timing Summary Report

------------------------------------------------------------------------------------------------
| Timer Settings
| --------------
------------------------------------------------------------------------------------------------

  Enable Multi Corner Analysis               :  Yes
  Enable Pessimism Removal                   :  Yes
  Pessimism Removal Resolution               :  Nearest Common Node
  Enable Input Delay Default Clock           :  No
  Enable Preset / Clear Arcs                 :  No
  Disable Flight Delays                      :  No
  Ignore I/O Paths                           :  No
  Timing Early Launch at Borrowing Latches   :  No
  Borrow Time for Max Delay Exceptions       :  Yes
  Merge Timing Exceptions                    :  Yes
  Inter-SLR Compensation                     :  Conservative

  Corner  Analyze    Analyze    
  Name    Max Paths  Min Paths  
  ------  ---------  ---------  
  Slow    Yes        Yes        
  Fast    Yes        Yes        


------------------------------------------------------------------------------------------------
| Report Methodology
| ------------------
------------------------------------------------------------------------------------------------

Rule       Severity  Description                                 Violations  
---------  --------  ------------------------------------------  ----------  
SYNTH-6    Warning   Timing of a RAM block might be sub-optimal  19          
TIMING-18  Warning   Missing input or output delay               5           

Note: This report is based on the most recent report_methodology run and may not be up-to-date. Run report_methodology on the current design for the latest report.



check_timing report

Table of Contents
-----------------
1. checking no_clock (0)
2. checking constant_clock (0)
3. checking pulse_width_clock (0)
4. checking unconstrained_internal_endpoints (0)
5. checking no_input_delay (2)
6. checking no_output_delay (3)
7. checking multiple_clock (0)
8. checking generated_clocks (0)
9. checking loops (0)
10. checking partial_input_delay (0)
11. checking partial_output_delay (0)
12. checking latch_loops (0)

1. checking no_clock (0)
------------------------
 There are 0 register/latch pins with no clock.


2. checking constant_clock (0)
------------------------------
 There are 0 register/latch pins with constant_clock.


3. checking pulse_width_clock (0)
---------------------------------
 There are 0 register/latch pins which need pulse_width check


4. checking unconstrained_internal_endpoints (0)
------------------------------------------------
 There are 0 pins that are not constrained for maximum delay.

 There are 0 pins that are not constrained for maximum delay due to constant clock.


5. checking no_input_delay (2)
------------------------------
 There are 2 input ports with no input delay specified. (HIGH)

 There are 0 input ports with no input delay but user has a false path constraint.


6. checking no_output_delay (3)
-------------------------------
 There are 3 ports with no output delay specified. (HIGH)

 There are 0 ports with no output delay but user has a false path constraint

 There are 0 ports with no output delay but with a timing clock defined on it or propagating through it


7. checking multiple_clock (0)
------------------------------
 There are 0 register/latch pins with multiple clocks.


8. checking generated_clocks (0)
--------------------------------
 There are 0 generated clocks that are not connected to a clock source.


9. checking loops (0)
---------------------
 There are 0 combinational loops in the design.


10. checking partial_input_delay (0)
------------------------------------
 There are 0 input ports with partial input delay specified.


11. checking partial_output_delay (0)
-------------------------------------
 There are 0 ports with partial output delay specified.


12. checking latch_loops (0)
----------------------------
 There are 0 combinational latch loops in the design through latch input



------------------------------------------------------------------------------------------------
| Design Timing Summary
| ---------------------
------------------------------------------------------------------------------------------------

    WNS(ns)      TNS(ns)  TNS Failing Endpoints  TNS Total Endpoints      WHS(ns)      THS(ns)  THS Failing Endpoints  THS Total Endpoints     WPWS(ns)     TPWS(ns)  TPWS Failing Endpoints  TPWS Total Endpoints  
    -------      -------  ---------------------  -------------------      -------      -------  ---------------------  -------------------     --------     --------  ----------------------  --------------------  
      0.384        0.000                      0                 8832        0.037        0.000                      0                 8832        3.750        0.000                       0                  4342  


All user specified timing constraints are met.


------------------------------------------------------------------------------------------------
| Clock Summary
| -------------
------------------------------------------------------------------------------------------------

Clock        Waveform(ns)       Period(ns)      Frequency(MHz)
-----        ------------       ----------      --------------
sys_clk_pin  {0.000 5.000}      10.000          100.000         


------------------------------------------------------------------------------------------------
| Intra Clock Table
| -----------------
------------------------------------------------------------------------------------------------

Clock             WNS(ns)      TNS(ns)  TNS Failing Endpoints  TNS Total Endpoints      WHS(ns)      THS(ns)  THS Failing Endpoints  THS Total Endpoints     WPWS(ns)     TPWS(ns)  TPWS Failing Endpoints  TPWS Total Endpoints  
-----             -------      -------  ---------------------  -------------------      -------      -------  ---------------------  -------------------     --------     --------  ----------------------  --------------------  
sys_clk_pin         0.384        0.000                      0                 8832        0.037        0.000                      0                 8832        3.750        0.000                       0                  4342  


------------------------------------------------------------------------------------------------
| Inter Clock Table
| -----------------
------------------------------------------------------------------------------------------------

From Clock    To Clock          WNS(ns)      TNS(ns)  TNS Failing Endpoints  TNS Total Endpoints      WHS(ns)      THS(ns)  THS Failing Endpoints  THS Total Endpoints  
----------    --------          -------      -------  ---------------------  -------------------      -------      -------  ---------------------  -------------------  


------------------------------------------------------------------------------------------------
| Other Path Groups Table
| -----------------------
------------------------------------------------------------------------------------------------

Path Group    From Clock    To Clock          WNS(ns)      TNS(ns)  TNS Failing Endpoints  TNS Total Endpoints      WHS(ns)      THS(ns)  THS Failing Endpoints  THS Total Endpoints  
----------    ----------    --------          -------      -------  ---------------------  -------------------      -------      -------  ---------------------  -------------------  


------------------------------------------------------------------------------------------------
| Timing Details
| --------------
------------------------------------------------------------------------------------------------


---------------------------------------------------------------------------------------------------
From Clock:  sys_clk_pin
  To Clock:  sys_clk_pin

Setup :            0  Failing Endpoints,  Worst Slack        0.384ns,  Total Violation        0.000ns
Hold  :            0  Failing Endpoints,  Worst Slack        0.037ns,  Total Violation        0.000ns
PW    :            0  Failing Endpoints,  Worst Slack        3.750ns,  Total Violation        0.000ns
---------------------------------------------------------------------------------------------------


Max Delay Paths
--------------------------------------------------------------------------------------
Slack (MET) :             0.384ns  (required time - arrival time)
  Source:                 u_mlp/u_input_ram/ram_reg/CLKBWRCLK
                            (rising edge-triggered cell RAMB18E1 clocked by sys_clk_pin  {rise@0.000ns fall@5.000ns period=10.000ns})
  Destination:            u_mlp/u_hls_core/grp_hardware_exact_p16_fu_56/grp_hardware_exact_p16_Pipeline_layer1_inputs_fu_1348/product_35_reg_1604_reg[13]/D
                            (rising edge-triggered cell FDRE clocked by sys_clk_pin  {rise@0.000ns fall@5.000ns period=10.000ns})
  Path Group:             sys_clk_pin
  Path Type:              Setup (Max at Slow Process Corner)
  Requirement:            10.000ns  (sys_clk_pin rise@10.000ns - sys_clk_pin rise@0.000ns)
  Data Path Delay:        9.528ns  (logic 4.966ns (52.122%)  route 4.562ns (47.878%))
  Logic Levels:           8  (CARRY4=4 LUT3=1 LUT4=1 LUT6=2)
  Clock Path Skew:        -0.162ns (DCD - SCD + CPR)
    Destination Clock Delay (DCD):    5.089ns = ( 15.089 - 10.000 ) 
    Source Clock Delay      (SCD):    5.447ns
    Clock Pessimism Removal (CPR):    0.195ns
  Clock Uncertainty:      0.035ns  ((TSJ^2 + TIJ^2)^1/2 + DJ) / 2 + PE
    Total System Jitter     (TSJ):    0.071ns
    Total Input Jitter      (TIJ):    0.000ns
    Discrete Jitter          (DJ):    0.000ns
    Phase Error              (PE):    0.000ns

    Location             Delay type                Incr(ns)  Path(ns)    Netlist Resource(s)
  -------------------------------------------------------------------    -------------------
                         (clock sys_clk_pin rise edge)
                                                      0.000     0.000 r  <hidden>
    E3                                                0.000     0.000 r  clk
                         net (fo=0)                   0.000     0.000    clk
    E3                   IBUF (Prop_ibuf_I_O)         1.482     1.482 r  clk_IBUF_inst/O
                         net (fo=1, routed)           2.025     3.506    clk_IBUF
    BUFGCTRL_X0Y16       BUFG (Prop_bufg_I_O)         0.096     3.602 r  clk_IBUF_BUFG_inst/O
                         net (fo=4341, routed)        1.845     5.447    u_mlp/u_input_ram/clk_IBUF_BUFG
    RAMB18_X0Y10         RAMB18E1                                     r  u_mlp/u_input_ram/ram_reg/CLKBWRCLK
  -------------------------------------------------------------------    -------------------
    RAMB18_X0Y10         RAMB18E1 (Prop_ramb18e1_CLKBWRCLK_DOBDO[1])
                                                      2.454     7.901 r  u_mlp/u_input_ram/ram_reg/DOBDO[1]
                         net (fo=272, routed)         2.090     9.991    u_mlp/u_hls_core/grp_hardware_exact_p16_fu_56/grp_hardware_exact_p16_Pipeline_layer1_inputs_fu_1348/mul_8s_8s_16_1_1_U12/product_35_reg_1604_reg[15]_i_8_0[1]
    SLICE_X41Y28         LUT6 (Prop_lut6_I2_O)        0.124    10.115 r  u_mlp/u_hls_core/grp_hardware_exact_p16_fu_56/grp_hardware_exact_p16_Pipeline_layer1_inputs_fu_1348/mul_8s_8s_16_1_1_U12/product_35_reg_1604[11]_i_35/O
                         net (fo=2, routed)           0.569    10.684    u_mlp/u_input_ram/product_35_reg_1604_reg[11]_i_13[1]
    SLICE_X45Y30         LUT6 (Prop_lut6_I0_O)        0.124    10.808 r  u_mlp/u_input_ram/product_35_reg_1604[11]_i_39/O
                         net (fo=1, routed)           0.000    10.808    u_mlp/u_hls_core/grp_hardware_exact_p16_fu_56/grp_hardware_exact_p16_Pipeline_layer1_inputs_fu_1348/mul_8s_8s_16_1_1_U12/product_35_reg_1604[7]_i_9_0[1]
    SLICE_X45Y30         CARRY4 (Prop_carry4_S[1]_CO[3])
                                                      0.550    11.358 r  u_mlp/u_hls_core/grp_hardware_exact_p16_fu_56/grp_hardware_exact_p16_Pipeline_layer1_inputs_fu_1348/mul_8s_8s_16_1_1_U12/product_35_reg_1604_reg[11]_i_13/CO[3]
                         net (fo=1, routed)           0.000    11.358    u_mlp/u_hls_core/grp_hardware_exact_p16_fu_56/grp_hardware_exact_p16_Pipeline_layer1_inputs_fu_1348/mul_8s_8s_16_1_1_U12/product_35_reg_1604_reg[11]_i_13_n_0
    SLICE_X45Y31         CARRY4 (Prop_carry4_CI_O[1])
                                                      0.334    11.692 r  u_mlp/u_hls_core/grp_hardware_exact_p16_fu_56/grp_hardware_exact_p16_Pipeline_layer1_inputs_fu_1348/mul_8s_8s_16_1_1_U12/product_35_reg_1604_reg[11]_i_11/O[1]
                         net (fo=2, routed)           1.043    12.736    u_mlp/u_hls_core/grp_hardware_exact_p16_fu_56/grp_hardware_exact_p16_Pipeline_layer1_inputs_fu_1348/mul_8s_8s_16_1_1_U12/product_35_reg_1604_reg[11]_i_11_n_6
    SLICE_X58Y32         LUT3 (Prop_lut3_I2_O)        0.329    13.065 r  u_mlp/u_hls_core/grp_hardware_exact_p16_fu_56/grp_hardware_exact_p16_Pipeline_layer1_inputs_fu_1348/mul_8s_8s_16_1_1_U12/product_35_reg_1604[11]_i_3/O
                         net (fo=2, routed)           0.859    13.924    u_mlp/u_hls_core/grp_hardware_exact_p16_fu_56/grp_hardware_exact_p16_Pipeline_layer1_inputs_fu_1348/mul_8s_8s_16_1_1_U12/product_35_reg_1604[11]_i_3_n_0
    SLICE_X58Y32         LUT4 (Prop_lut4_I0_O)        0.348    14.272 r  u_mlp/u_hls_core/grp_hardware_exact_p16_fu_56/grp_hardware_exact_p16_Pipeline_layer1_inputs_fu_1348/mul_8s_8s_16_1_1_U12/product_35_reg_1604[11]_i_7/O
                         net (fo=1, routed)           0.000    14.272    u_mlp/u_hls_core/grp_hardware_exact_p16_fu_56/grp_hardware_exact_p16_Pipeline_layer1_inputs_fu_1348/mul_8s_8s_16_1_1_U12/product_35_reg_1604[11]_i_7_n_0
    SLICE_X58Y32         CARRY4 (Prop_carry4_S[2]_CO[3])
                                                      0.380    14.652 r  u_mlp/u_hls_core/grp_hardware_exact_p16_fu_56/grp_hardware_exact_p16_Pipeline_layer1_inputs_fu_1348/mul_8s_8s_16_1_1_U12/product_35_reg_1604_reg[11]_i_1/CO[3]
                         net (fo=1, routed)           0.000    14.652    u_mlp/u_hls_core/grp_hardware_exact_p16_fu_56/grp_hardware_exact_p16_Pipeline_layer1_inputs_fu_1348/mul_8s_8s_16_1_1_U12/product_35_reg_1604_reg[11]_i_1_n_0
    SLICE_X58Y33         CARRY4 (Prop_carry4_CI_O[1])
                                                      0.323    14.975 r  u_mlp/u_hls_core/grp_hardware_exact_p16_fu_56/grp_hardware_exact_p16_Pipeline_layer1_inputs_fu_1348/mul_8s_8s_16_1_1_U12/product_35_reg_1604_reg[15]_i_1/O[1]
                         net (fo=1, routed)           0.000    14.975    u_mlp/u_hls_core/grp_hardware_exact_p16_fu_56/grp_hardware_exact_p16_Pipeline_layer1_inputs_fu_1348/product_35_fu_943_p2[13]
    SLICE_X58Y33         FDRE                                         r  u_mlp/u_hls_core/grp_hardware_exact_p16_fu_56/grp_hardware_exact_p16_Pipeline_layer1_inputs_fu_1348/product_35_reg_1604_reg[13]/D
  -------------------------------------------------------------------    -------------------

                         (clock sys_clk_pin rise edge)
                                                     10.000    10.000 r  <hidden>
    E3                                                0.000    10.000 r  clk
                         net (fo=0)                   0.000    10.000    clk
    E3                   IBUF (Prop_ibuf_I_O)         1.411    11.411 r  clk_IBUF_inst/O
                         net (fo=1, routed)           1.920    13.331    clk_IBUF
    BUFGCTRL_X0Y16       BUFG (Prop_bufg_I_O)         0.091    13.422 r  clk_IBUF_BUFG_inst/O
                         net (fo=4341, routed)        1.667    15.089    u_mlp/u_hls_core/grp_hardware_exact_p16_fu_56/grp_hardware_exact_p16_Pipeline_layer1_inputs_fu_1348/clk_IBUF_BUFG
    SLICE_X58Y33         FDRE                                         r  u_mlp/u_hls_core/grp_hardware_exact_p16_fu_56/grp_hardware_exact_p16_Pipeline_layer1_inputs_fu_1348/product_35_reg_1604_reg[13]/C
                         clock pessimism              0.195    15.285    <hidden>
                         clock uncertainty           -0.035    15.249    <hidden>
    SLICE_X58Y33         FDRE (Setup_fdre_C_D)        0.109    15.358    u_mlp/u_hls_core/grp_hardware_exact_p16_fu_56/grp_hardware_exact_p16_Pipeline_layer1_inputs_fu_1348/product_35_reg_1604_reg[13]
  -------------------------------------------------------------------
                         required time                         15.358    <hidden>
                         arrival time                         -14.975    <hidden>
  -------------------------------------------------------------------
                         slack                                  0.384    <hidden>





Min Delay Paths
--------------------------------------------------------------------------------------
Slack (MET) :             0.037ns  (arrival time - required time)
  Source:                 u_mlp/output_mem_reg[9][15]/C
                            (rising edge-triggered cell FDRE clocked by sys_clk_pin  {rise@0.000ns fall@5.000ns period=10.000ns})
  Destination:            tx_buf_reg[43][7]/D
                            (rising edge-triggered cell FDRE clocked by sys_clk_pin  {rise@0.000ns fall@5.000ns period=10.000ns})
  Path Group:             sys_clk_pin
  Path Type:              Hold (Min at Fast Process Corner)
  Requirement:            0.000ns  (sys_clk_pin rise@0.000ns - sys_clk_pin rise@0.000ns)
  Data Path Delay:        0.300ns  (logic 0.141ns (47.068%)  route 0.159ns (52.932%))
  Logic Levels:           0  
  Clock Path Skew:        0.198ns (DCD - SCD - CPR)
    Destination Clock Delay (DCD):    2.007ns
    Source Clock Delay      (SCD):    1.558ns
    Clock Pessimism Removal (CPR):    0.250ns

    Location             Delay type                Incr(ns)  Path(ns)    Netlist Resource(s)
  -------------------------------------------------------------------    -------------------
                         (clock sys_clk_pin rise edge)
                                                      0.000     0.000 r  <hidden>
    E3                                                0.000     0.000 r  clk
                         net (fo=0)                   0.000     0.000    clk
    E3                   IBUF (Prop_ibuf_I_O)         0.250     0.250 r  clk_IBUF_inst/O
                         net (fo=1, routed)           0.644     0.894    clk_IBUF
    BUFGCTRL_X0Y16       BUFG (Prop_bufg_I_O)         0.026     0.920 r  clk_IBUF_BUFG_inst/O
                         net (fo=4341, routed)        0.638     1.558    u_mlp/clk_IBUF_BUFG
    SLICE_X35Y49         FDRE                                         r  u_mlp/output_mem_reg[9][15]/C
  -------------------------------------------------------------------    -------------------
    SLICE_X35Y49         FDRE (Prop_fdre_C_Q)         0.141     1.699 r  u_mlp/output_mem_reg[9][15]/Q
                         net (fo=2, routed)           0.159     1.857    mlp_outputs[303]
    SLICE_X34Y50         FDRE                                         r  tx_buf_reg[43][7]/D
  -------------------------------------------------------------------    -------------------

                         (clock sys_clk_pin rise edge)
                                                      0.000     0.000 r  <hidden>
    E3                                                0.000     0.000 r  clk
                         net (fo=0)                   0.000     0.000    clk
    E3                   IBUF (Prop_ibuf_I_O)         0.438     0.438 r  clk_IBUF_inst/O
                         net (fo=1, routed)           0.699     1.136    clk_IBUF
    BUFGCTRL_X0Y16       BUFG (Prop_bufg_I_O)         0.029     1.165 r  clk_IBUF_BUFG_inst/O
                         net (fo=4341, routed)        0.842     2.007    clk_IBUF_BUFG
    SLICE_X34Y50         FDRE                                         r  tx_buf_reg[43][7]/C
                         clock pessimism             -0.250     1.756    <hidden>
    SLICE_X34Y50         FDRE (Hold_fdre_C_D)         0.064     1.820    tx_buf_reg[43][7]
  -------------------------------------------------------------------
                         required time                         -1.820    <hidden>
                         arrival time                           1.857    <hidden>
  -------------------------------------------------------------------
                         slack                                  0.037    <hidden>





Pulse Width Checks
--------------------------------------------------------------------------------------
Clock Name:         sys_clk_pin
Waveform(ns):       { 0.000 5.000 }
Period(ns):         10.000
Sources:            { clk }

Check Type        Corner  Lib Pin             Reference Pin  Required(ns)  Actual(ns)  Slack(ns)  Location      Pin
Min Period        n/a     RAMB18E1/CLKARDCLK  n/a            2.944         10.000      7.056      RAMB18_X0Y14  u_mlp/u_bias_ram0/ram_reg/CLKARDCLK
Low Pulse Width   Slow    RAMS32/CLK          n/a            1.250         5.000       3.750      SLICE_X42Y40  u_mlp/u_hls_core/grp_hardware_exact_p16_fu_56/hidden1_10_U/ram_reg_0_3_0_0/SP/CLK
High Pulse Width  Slow    RAMS32/CLK          n/a            1.250         5.000       3.750      SLICE_X42Y40  u_mlp/u_hls_core/grp_hardware_exact_p16_fu_56/hidden1_10_U/ram_reg_0_3_0_0/SP/CLK




